models
  atm
    cam
      bld
        XML
          Lite
          man3
        script_tests
      src
        advection
          slt
        chemistry
        control
        dynamics
          eul
          lr
          sld
        mathutil
        phys366
        physics
        scyc
        waccm
      tools
        cprnc
        definesurf
        interpic
        mkrgrid
        mkrgridsst
        newcprnc
        scam
          html
            gif
          lib
            ncarg
              database
              fontcaps
              graphcaps
          mymods
          obj
          scm_init
          tools
            ccm2iop
            diurnal_ave
            intercomparison-post-processing
            ncadd
            ncmult
            nctrans
            pdf
            sdev
          ui
            images
            ncarg
          userdata
    datm6
    datm6_r42
    gamil128x60
      bld
        XML
          Lite
          man3
        esmf
          lib
            libO
              linux_gnupgf90
          mod
            modO
              linux_gnupgf90
      namelists
      src
        advection
          slt
          slt_bak
        control
        dynamics
          eul
          fv
          sld
        ocnsice
          dom
        physics
          cam1
            echam_cu
          cam1_bak_PY
            echam_cu
        utils
      tools
        cprnc
    gamil360x180
      bld
        XML
          Lite
          man3
        esmf
          lib
            libO
              linux_gnupgf90
          mod
            modO
              linux_gnupgf90
      namelists
      src
        advection
          slt
          slt_bak
        control
        dynamics
          eul
          fv
          sld
        ocnsice
          dom
        physics
          cam1
            echam_cu
        utils
      tools
        cprnc
    latm6
    samil
      src_2.2.3
        CVS
        cloud
          CVS
        control
          CVS
        csmcpl
          CVS
        dynamics
          CVS
        include
          CVS
        lsm
          CVS
        mathutil
          CVS
        physics
          CVS
          conv
            CVS
          conv_echam
            CVS
          mgwr42
            CVS
          ukmorad
            CVS
          vdiff
            CVS
        rad
          CVS
      src_2.3.0
        CVS
        cloud
          CVS
        control
          CVS
        csmcpl
          CVS
        dynamics
          CVS
        include
          CVS
        lsm
          CVS
        mathutil
          CVS
        physics
          CVS
          conv
            CVS
          conv_echam
            CVS
          mgwr42
            CVS
          ukmorad
            CVS
          vdiff
            CVS
        rad
          CVS
      src_2.3.1
        CVS
        cloud
          CVS
        control
          CVS
        csmcpl
          CVS
          shr
            CVS
        dynamics
          CVS
        include
          CVS
        lsm
          CVS
        mathutil
          CVS
          timing
            CVS
        physics
          CVS
          conv
            CVS
          conv_echam
            CVS
          mgwr42
            CVS
          ukmorad
            CVS
          vdiff
            CVS
        rad
          CVS
      src_2.3.2
        CVS
        cloud
          CVS
        control
          CVS
        csmcpl
          CVS
          shr
            CVS
        dynamics
          CVS
        include
          CVS
        lsm
          CVS
        mathutil
          CVS
          timing
            CVS
        physics
          CVS
          conv
            CVS
          conv_echam
            CVS
          mgwr42
            CVS
          ukmorad
            CVS
          vdiff
            CVS
        rad
          CVS
      src_2.3.3
        CVS
        cloud
          CVS
        control
          CVS
        csmcpl
          CVS
          shr
            CVS
        dynamics
          CVS
        include
          CVS
        lsm
          CVS
        mathutil
          CVS
          timing
            CVS
        physics
          CVS
          conv
            CVS
          conv_echam
            CVS
          mgwr42
            CVS
          ukmorad
            CVS
          vdiff
            CVS
        rad
          CVS
      src_2.3.4
        CVS
        cloud
          CVS
        control
          CVS
        csmcpl
          CVS
          shr
            CVS
        dynamics
          CVS
        include
          CVS
        lsm
          CVS
        mathutil
          CVS
          timing
            CVS
        physics
          CVS
          conv
            CVS
          conv_echam
            CVS
          mgwr42
            CVS
          ukmorad
            CVS
          vdiff
            CVS
        rad
          CVS
      src_2.3.4.1
        CVS
        cloud
          CVS
        control
          CVS
        csmcpl
          CVS
          shr
            CVS
        dynamics
          CVS
        include
          CVS
        lsm
          CVS
        mathutil
          CVS
          timing
            CVS
        physics
          CVS
          conv
            CVS
          conv_echam
            CVS
          mgwr42
            CVS
          ukmorad
            CVS
          vdiff
            CVS
        rad
          CVS
      src_2.3.5
        CVS
        cloud
          CVS
        control
          CVS
        csmcpl
          CVS
          shr
            CVS
        dynamics
          CVS
        include
          CVS
        lsm
          CVS
        mathutil
          CVS
          timing
            CVS
        physics
          CVS
          conv
            CVS
          conv_echam
            CVS
          mgwr42
            CVS
          ukmorad
            CVS
          vdiff
            CVS
        rad
          CVS
  bld
  cpl
    cpl6
  csm_share
    cpl
    shr
  dead
    dead6
  ice
    cice4.0_v1.0_patch5
      CVS
      bld
        CVS
      coupled
        CVS
        cpl5
          CVS
        cpl6
          CVS
      csm_share
        CVS
      doc
        CVS
        PDF
          CVS
      drivers
        CVS
        cice4
          CVS
        esmf
          CVS
      input_templates
      mpi
        CVS
      serial
        CVS
      source
        CVS
    cice_cpl6
      docs
        .svn
          prop-base
          props
          text-base
          tmp
            prop-base
            props
            text-base
        RefGuide
          .svn
            prop-base
            props
            text-base
            tmp
              prop-base
              props
              text-base
        SciGuide
          .svn
            prop-base
            props
            text-base
            tmp
              prop-base
              props
              text-base
        UsersGuide
          .svn
            prop-base
            props
            text-base
            tmp
              prop-base
              props
              text-base
      src
        .svn
          prop-base
          props
          text-base
          tmp
            prop-base
            props
            text-base
        drivers
          .svn
            prop-base
            props
            text-base
            tmp
              prop-base
              props
              text-base
          ccsm_concurrent
            .svn
              prop-base
              props
              text-base
              tmp
                prop-base
                props
                text-base
          ccsm_sequential
            .svn
              prop-base
              props
              text-base
              tmp
                prop-base
                props
                text-base
          cice4
            .svn
              prop-base
              props
              text-base
              tmp
                prop-base
                props
                text-base
        mpi
          .svn
            prop-base
            props
            text-base
            tmp
              prop-base
              props
              text-base
        source
          .svn
            prop-base
            props
            text-base
            tmp
              prop-base
              props
              text-base
    cice_lasg_v1.0
      CVS
      bld
        CVS
      coupled
        CVS
        cpl5
          CVS
        cpl6
          CVS
      csm_share
        CVS
      doc
        CVS
        PDF
          CVS
      drivers
        CVS
        cice4
          CVS
        esmf
          CVS
      input_templates
      mpi
        CVS
      serial
        CVS
      source
        CVS
    csim4
      docs
        RefGuide
        SciGuide
        UsersGuide
      src
        bld
        input_templates
        source
    dice6
  lnd
    clm2
      doc
        CodeReference
          protex
        Dev
        UsersGuide
      duoduo
        clm3
          bld
            offline
          src
            biogeochem
            biogeophys
            csm_share
              shr
              unit_testers
            main
            mksrfdata
            riverroute
            utils
              esmf
                build
                  ES
                  IRIX
                  IRIX64
                  SX6
                  alpha
                  config
                  cray_x1
                  linux_gnupgf90
                  linux_lf95
                  linux_pgi
                  rs6000_64
                  rs6000_sp
                  sgi_altix
                  solaris
                  solaris_hpc
                include
                scripts
                  doc_templates
                    templates
                src
                  Infrastructure
                    BasicUtil
                    Error
                    TimeMgmt
                  include
              timing
          src_vegas
            biogeochem
            biogeophys
            ecosysdyn
            ecosysdyndgvm
            main
            mksrfdata
            riverroute
            vegas
          tools
            convert_ascii
            interpinic
            newcprnc
      src
        biogeochem
        biogeophys
        ecosysdyn
        ecosysdyndgvm
        main
        mksrfdata
        riverroute
      tools
        convert_ascii
        cprlndnc
        interpinic
        makdep
        newcprnc
    dlnd6
  ocn
    docn6
    licom2.0
      bak
        coupled
        source
      src
        coupled
        source
          old_bak
          old_bak1
      src_even
        coupled
        source
      src_even_old
        coupled
        source
    pop
      input_templates
      mpi
      source
  utils
    esmf
      build
        ES
        IRIX
        IRIX64
        SX6
        alpha
        config
        cray_x1
        linux_altix
        linux_gnupgf90
        linux_intel
        linux_lf95
        linux_pathscale
        linux_pgi
        rs6000_64
        rs6000_sp
        solaris
        solaris_hpc
      include
      scripts
        doc_templates
          templates
      src
        Infrastructure
          BasicUtil
          Error
          TimeMgmt
        include
    esmf_wrf_timemgr
    mct
      doc
        texsrc
      examples
        climate_concur1
        climate_sequen1
        simple
      mct
      mpeu
      mpi-serial
      protex
    mph
    pilgrim
      unit_testers
    timing
