Miss
Miss
Miss
Miss
Miss
Miss
Miss
Miss
Miss
Miss
Miss
Miss
Miss
Miss
Miss
Miss
Miss
Miss
Miss
Miss
Miss
Miss
Miss
Miss
Miss
Miss
Miss
Miss
Miss
Miss
Miss
Miss
Miss
Miss
Miss
Miss
Miss
Miss
Miss
Miss
Miss
Miss
Miss
Miss
Miss
Miss
Miss
Miss
Miss
Miss
Miss
Miss
Miss
Miss
Miss
Miss
Miss
Miss
Miss
Miss
Miss
Miss
Miss
Miss
Miss
Miss
Miss
Miss
Miss
Miss
Miss
Miss
Miss
Miss
Miss
Miss
Miss
Miss
Miss
Miss
Miss
Miss
Miss
Miss
Miss
Miss
Miss
Miss
Miss
Miss
Miss
Miss
Miss
Miss
Miss
Miss
Miss
Miss
Miss
Miss
Miss
Miss
Miss
Miss
Miss
Miss
Miss
Miss
Miss
Miss
Miss
Miss
Miss
Miss
Miss
Miss
Miss
Miss
Miss
Miss
Miss
Miss
Miss
Miss
Miss
Miss
Miss
Miss
Miss
Miss
Miss
Miss
Miss
Miss
Miss
Miss
Miss
Miss
Miss
Miss
Miss
Miss
Miss
Miss
Miss
Miss
Miss
Miss
Miss
Miss
Miss
Miss
Miss
Miss
Miss
Miss
Miss
Miss
Miss
Miss
Miss
Miss
Miss
Miss
Miss
Miss
Miss
Miss
Miss
Miss
Miss
Miss
Miss
Miss
Miss
Miss
Miss
Miss
Miss
Miss
Miss
Miss
Miss
Miss
Miss
Miss
Miss
Miss
Miss
Miss
Miss
Miss
Miss
Miss
Miss
Miss
Miss
Miss
Miss
Miss
Miss
Miss
Miss
Miss
Miss
Miss
Miss
Miss
Miss
Miss
Miss
Miss
Miss
Miss
Miss
Miss
Miss
Miss
Miss
Miss
Miss
Miss
Miss
Miss
Miss
Miss
Miss
Miss
Miss
Miss
Miss
Miss
Miss
Miss
Miss
Miss
Miss
Miss
Miss
Miss
Miss
Miss
Miss
Miss
Miss
Miss
Miss
Miss
Miss
Miss
Miss
Miss
Miss
Miss
Miss
Miss
Miss
Miss
Miss
Miss
Miss
Miss
Miss
Miss
Miss
Miss
Miss
Miss
Miss
Miss
Miss
Miss
Miss
Miss
Miss
Miss
Miss
Miss
Miss
Miss
Miss
Miss
Miss
Miss
Miss
Miss
Miss
Miss
Miss
Miss
Miss
Miss
Miss
Miss
Miss
Miss
Miss
Miss
Miss
Miss
Miss
Miss
Miss
Miss
Miss
Miss
Miss
Miss
Miss
Miss
Miss
Miss
Miss
Miss
Miss
Miss
Miss
Miss
Miss
Miss
Miss
Miss
Miss
Miss
Miss
Miss
Miss
Miss
Miss
Miss
Miss
Miss
Miss
Miss
Miss
Miss
Miss
Miss
Miss
Miss
Miss
Miss
Miss
Miss
Miss
Miss
Miss
Miss
Miss
Miss
Miss
Miss
Miss
Miss
Miss
Miss
Miss
Miss
Miss
Miss
Miss
Miss
Miss
Miss
Miss
Miss
Miss
Miss
Miss
Miss
Miss
Miss
Miss
Miss
Miss
Miss
Miss
Miss
Miss
Miss
Miss
Miss
Miss
Miss
Miss
Miss
Miss
Miss
Miss
Miss
Miss
Miss
Miss
Miss
Miss
Miss
Miss
Miss
Miss
Miss
Miss
Miss
Miss
Miss
Miss
Miss
Miss
Miss
Miss
Miss
Miss
Miss
Miss
Miss
Miss
Miss
Miss
Miss
Miss
Miss
Miss
Miss
Miss
Miss
Miss
Miss
Miss
Miss
Miss
Miss
Miss
Miss
Miss
Miss
Miss
Miss
Miss
Miss
Miss
Miss
Miss
Miss
Miss
Miss
Miss
Miss
Miss
Miss
Miss
Miss
Miss
Miss
Miss
Miss
Miss
Miss
Miss
Miss
Miss
Miss
Miss
Miss
Miss
Miss
Miss
Miss
Miss
Miss
Miss
Miss
Miss
Miss
Miss
Miss
Miss
Miss
Miss
Miss
Miss
Miss
Miss
Miss
Miss
Miss
Miss
Miss
Miss
Miss
Miss
Miss
Miss
Miss
Miss
Miss
Miss
Miss
Miss
Miss
Miss
Miss
Miss
Miss
Miss
Miss
Miss
Miss
Miss
Miss
Miss
Miss
Miss
Miss
Miss
Miss
Miss
Miss
Miss
Miss
Miss
Miss
Miss
Miss
Miss
Miss
Miss
Miss
Miss
Miss
Miss
Miss
Miss
Miss
Miss
Miss
Miss
Miss
Miss
Miss
Miss
Miss
Miss
Miss
Miss
Miss
Miss
Miss
Miss
Miss
Miss
Miss
Miss
Miss
Miss
Miss
Miss
Miss
Miss
Miss
Miss
Miss
Miss
Miss
Miss
Miss
Miss
Miss
Miss
Miss
Miss
Miss
Miss
Miss
Miss
Miss
Miss
Miss
Miss
Miss
Miss
Miss
Miss
Miss
Miss
Miss
Miss
Miss
Miss
Miss
Miss
Miss
Miss
Miss
Miss
Miss
Miss
Miss
Miss
Miss
Miss
Miss
Miss
Miss
Miss
Miss
Miss
Miss
Miss
Miss
Miss
Miss
Miss
Miss
Miss
Miss
Miss
Miss
Miss
Miss
Miss
Miss
Miss
Miss
Miss
Miss
Miss
Miss
Miss
Miss
Miss
Miss
Miss
Miss
Miss
Miss
Miss
Miss
Miss
Miss
Miss
Miss
Miss
Miss
Miss
Miss
Miss
Miss
Miss
Miss
Miss
Miss
Miss
Miss
Miss
Miss
Miss
Miss
Miss
Miss
Miss
Miss
Miss
Miss
Miss
Miss
Miss
Miss
Miss
Miss
Miss
Miss
Miss
Miss
Miss
Miss
Miss
Miss
Miss
Miss
Miss
Miss
Miss
Miss
Miss
Miss
Miss
Miss
Miss
Miss
Miss
Miss
Miss
Miss
Miss
Miss
Miss
Miss
Miss
Miss
Miss
Miss
Miss
Miss
Miss
Miss
Miss
Miss
Miss
Miss
Miss
Miss
Miss
Miss
Miss
Miss
Miss
Miss
Miss
Miss
Miss
Miss
Miss
Miss
Miss
Miss
Miss
Miss
Miss
Miss
Miss
Miss
Miss
Miss
Miss
Miss
Miss
Miss
Miss
Miss
Miss
Miss
Miss
Miss
Miss
Miss
Miss
Miss
Miss
Miss
Miss
Miss
Miss
Miss
Miss
Miss
Miss
Miss
Miss
Miss
Miss
Miss
Miss
Miss
Miss
Miss
Miss
Miss
Miss
Miss
Miss
Miss
Miss
Miss
Miss
Miss
Miss
Miss
Miss
Miss
Miss
Miss
Miss
Miss
Miss
Miss
Miss
Miss
Miss
Miss
Miss
Miss
Miss
Miss
Miss
Miss
Miss
Miss
Miss
Miss
Miss
Miss
Miss
Miss
Miss
Miss
Miss
Miss
Miss
Miss
Miss
Miss
Miss
Miss
Miss
Miss
Miss
Miss
Miss
Miss
Miss
Miss
Miss
Miss
Miss
Miss
Miss
Miss
Miss
Miss
Miss
Miss
Miss
Miss
Miss
Miss
Miss
Miss
Miss
Miss
Miss
Miss
Miss
Miss
Miss
Miss
Miss
Miss
Miss
Miss
Miss
Miss
Miss
Miss
Miss
Miss
Miss
Miss
Miss
Miss
Miss
Miss
Miss
Miss
Miss
Miss
Miss
Miss
Miss
Miss
Miss
Miss
Miss
Miss
Miss
Miss
Miss
Miss
Miss
Miss
Miss
Miss
Miss
Miss
Miss
Miss
Miss
Miss
Miss
Miss
Miss
Miss
Miss
Miss
Miss
Miss
Miss
Miss
Miss
Miss
Miss
Miss
Miss
Miss
Miss
Miss
Miss
Miss
Miss
Miss
Miss
Miss
Miss
Miss
Miss
Miss
Miss
Miss
Miss
Miss
Miss
Miss
Miss
Miss
Miss
Miss
Miss
Miss
Miss
Miss
Miss
Miss
Miss
Miss
Miss
Miss
Miss
Miss
Miss
Miss
Miss
Miss
Miss
Miss
Miss
Miss
Miss
Miss
Miss
Miss
Miss
Miss
Miss
Miss
Miss
Miss
Miss
Miss
Miss
Miss
Miss
Miss
Miss
Miss
Miss
Miss
Miss
Miss
Miss
Miss
Miss
Miss
Miss
Miss
Miss
Miss
Miss
Miss
Miss
Miss
Miss
Miss
Miss
Miss
Miss
Miss
Miss
Miss
Miss
Miss
Miss
Miss
Miss
Miss
Miss
Miss
Miss
Miss
Miss
Miss
Miss
Miss
Miss
Miss
Miss
Miss
Miss
Miss
Miss
Miss
Miss
Miss
Miss
Miss
Miss
Miss
Miss
Miss
Miss
Miss
Miss
Miss
Miss
Miss
Miss
Miss
Miss
Miss
Miss
Miss
Miss
Miss
Miss
Miss
Miss
Miss
Miss
Miss
Miss
Miss
Miss
Miss
Miss
Miss
Miss
Miss
Miss
Miss
Miss
Miss
Miss
Miss
Miss
Miss
Miss
Miss
Miss
Miss
Miss
Miss
Miss
Miss
Miss
Miss
Miss
Miss
Miss
Miss
Miss
Miss
Miss
Miss
Miss
Miss
Miss
Miss
Miss
Miss
Miss
Miss
Miss
Miss
Miss
Miss
Miss
Miss
Miss
Miss
Miss
Miss
Miss
Miss
Miss
Miss
Miss
Miss
Miss
Miss
Miss
Miss
Miss
Miss
Miss
Miss
Miss
Miss
Miss
Miss
Miss
Miss
Miss
Miss
Miss
Miss
Miss
Miss
Miss
Miss
Miss
Miss
Miss
Miss
Miss
Miss
Miss
Miss
Miss
Miss
Miss
Miss
Miss
Miss
Miss
Miss
Miss
Miss
Miss
Miss
Miss
Miss
Miss
Miss
Miss
Miss
Miss
Miss
Miss
Miss
Miss
Miss
Miss
Miss
Miss
Miss
Miss
Miss
Miss
Miss
Miss
Miss
Miss
Miss
Miss
Miss
Miss
Miss
Miss
Miss
Miss
Miss
Miss
Miss
Miss
Miss
Miss
Miss
Miss
Miss
Miss
Miss
Miss
Miss
Miss
Miss
Miss
Miss
Miss
Miss
Miss
Miss
Miss
Miss
Miss
Miss
Miss
Miss
Miss
Miss
Miss
Miss
Miss
Miss
Miss
Miss
Miss
Miss
Miss
Miss
Miss
Miss
Miss
Miss
Miss
Miss
Miss
Miss
Miss
Miss
Miss
Miss
Miss
Miss
Miss
Miss
Miss
Miss
Miss
Miss
Miss
Miss
Miss
Miss
Miss
Miss
Miss
Miss
Miss
Miss
Miss
Miss
Miss
Miss
Miss
Miss
Miss
Miss
Miss
Miss
Miss
Miss
Miss
Miss
Miss
Miss
Miss
Miss
Miss
Miss
Miss
Miss
Miss
Miss
Miss
Miss
Miss
Miss
Miss
Miss
Miss
Miss
Miss
Miss
Miss
Miss
Miss
Miss
Miss
Miss
Miss
Miss
Miss
Miss
Miss
Miss
Miss
Miss
Miss
Miss
Miss
Miss
Miss
Miss
Miss
Miss
Miss
Miss
Miss
Miss
Miss
Miss
Miss
Miss
Miss
Miss
Miss
Miss
Miss
Miss
Miss
Miss
Miss
Miss
Miss
Miss
Miss
Miss
Miss
Miss
Miss
Miss
Miss
Miss
Miss
Miss
Miss
Miss
Miss
Miss
Miss
Miss
Miss
Miss
Miss
Miss
Miss
Miss
Miss
Miss
Miss
Miss
Miss
Miss
Miss
Miss
Miss
Miss
Miss
Miss
Miss
Miss
Miss
Miss
Miss
Miss
Miss
Miss
Miss
Miss
Miss
Miss
Miss
Miss
Miss
Miss
Miss
Miss
Miss
Miss
Miss
Miss
Miss
Miss
Miss
Miss
Miss
Miss
Miss
Miss
Miss
Miss
Miss
Miss
Miss
Miss
Miss
Miss
Miss
Miss
Miss
Miss
Miss
Miss
Miss
Miss
Miss
Miss
Miss
Miss
Miss
Miss
Miss
Miss
Miss
Miss
Miss
Miss
Miss
Miss
Miss
Miss
Miss
Miss
Miss
Miss
Miss
Miss
Miss
Miss
Miss
Miss
Miss
Miss
Miss
Miss
Miss
Miss
Miss
Miss
Miss
Miss
Miss
Miss
Miss
Miss
Miss
Miss
Miss
Miss
Miss
Miss
Miss
Miss
Miss
Miss
Miss
Miss
Miss
Miss
Miss
Miss
Miss
Miss
Miss
Miss
Miss
Miss
Miss
Miss
Miss
Miss
Miss
Miss
Miss
Miss
Miss
Miss
Miss
Miss
Miss
Miss
Miss
Miss
Miss
Miss
Miss
Miss
Miss
Miss
Miss
Miss
Miss
Miss
Miss
Miss
Miss
Miss
Miss
Miss
Miss
Miss
Miss
Miss
Miss
Miss
Miss
Miss
Miss
Miss
Miss
Miss
Miss
Miss
Miss
Miss
Miss
Miss
Miss
Miss
Miss
Miss
Miss
Miss
Miss
Miss
Miss
Miss
Miss
Miss
Miss
Miss
Miss
Miss
Miss
Miss
Miss
Miss
Miss
Miss
Miss
Miss
Miss
Miss
Miss
Miss
Miss
Miss
Miss
Miss
Miss
Miss
Miss
Miss
Miss
Miss
Miss
Miss
Miss
Miss
Miss
Miss
Miss
Miss
Miss
Miss
Miss
Miss
Miss
Miss
Miss
Miss
Miss
Miss
Miss
Miss
Miss
Miss
Miss
Miss
Miss
Miss
Miss
Miss
Miss
Miss
Miss
Miss
Miss
Miss
Miss
Miss
Miss
Miss
Miss
Miss
Miss
Miss
Miss
Miss
Miss
Miss
Miss
Miss
Miss
Miss
Miss
Miss
Miss
Miss
Miss
Miss
Miss
Miss
Miss
Miss
Miss
Miss
Miss
Miss
Miss
Miss
Miss
Miss
Miss
Miss
Miss
Miss
Miss
Miss
Miss
Miss
Miss
Miss
Miss
Miss
Miss
Miss
Miss
Miss
Miss
Miss
Miss
Miss
Miss
Miss
Miss
Miss
Miss
Miss
Miss
Miss
Miss
Miss
Miss
Miss
Miss
Miss
Miss
Miss
Miss
Miss
Miss
Miss
Miss
Miss
Miss
Miss
Miss
Miss
Miss
Miss
Miss
Miss
Miss
Miss
Miss
Miss
Miss
Miss
Miss
Miss
Miss
Miss
Miss
Miss
Miss
Miss
Miss
Miss
Miss
Miss
Miss
Miss
Miss
Miss
Miss
Miss
Miss
Miss
Miss
Miss
Miss
Miss
Miss
Miss
Miss
Miss
Miss
Miss
Miss
Miss
Miss
Miss
Miss
Miss
Miss
Miss
Miss
Miss
Miss
Miss
Miss
Miss
Miss
Miss
Miss
Miss
Miss
Miss
Miss
Miss
Miss
Miss
Miss
Miss
Miss
Miss
Miss
Miss
Miss
Miss
Miss
Miss
Miss
Miss
Miss
Miss
Miss
Miss
Miss
Miss
Miss
Miss
Miss
Miss
Miss
Miss
Miss
Miss
Miss
Miss
Miss
Miss
Miss
Miss
Miss
Miss
Miss
Miss
Miss
Miss
Miss
Miss
Miss
Miss
Miss
Miss
Miss
Miss
Miss
Miss
Miss
Miss
Miss
Miss
Miss
Miss
Miss
Miss
Miss
Miss
Miss
Miss
Miss
Miss
Miss
Miss
Miss
Miss
Miss
Miss
Miss
Miss
Miss
Miss
Miss
Miss
Miss
Miss
Miss
Miss
Miss
Miss
Miss
Miss
Miss
Miss
Miss
Miss
Miss
Miss
Miss
Miss
Miss
Miss
Miss
Miss
Miss
Miss
Miss
Miss
Miss
Miss
Miss
Miss
Miss
Miss
Miss
Miss
Miss
Miss
Miss
Miss
Miss
Miss
Miss
Miss
Miss
Miss
Miss
Miss
Miss
Miss
Miss
Miss
Miss
Miss
Miss
Miss
Miss
Miss
Miss
Miss
Miss
Miss
Miss
Miss
Miss
Miss
Miss
Miss
Miss
Miss
Miss
Miss
Miss
Miss
Miss
Miss
Miss
Miss
Miss
Miss
Miss
Miss
Miss
Miss
Miss
Miss
Miss
Miss
Miss
Miss
Miss
Miss
Miss
Miss
Miss
Miss
Miss
Miss
Miss
Miss
Miss
Miss
Miss
Miss
Miss
Miss
Miss
Miss
Miss
Miss
Miss
Miss
Miss
Miss
Miss
Miss
Miss
Miss
Miss
Miss
Miss
Miss
Miss
Miss
Miss
Miss
Miss
Miss
Miss
Miss
Miss
Miss
Miss
Miss
Miss
Miss
Miss
Miss
Miss
Miss
Miss
Miss
Miss
Miss
Miss
Miss
Miss
Miss
Miss
Miss
Miss
Miss
Miss
Miss
Miss
Miss
Miss
Miss
Miss
Miss
Miss
Miss
Miss
Miss
Miss
Miss
Miss
Miss
Miss
Miss
Miss
Miss
Miss
Miss
Miss
Miss
Miss
Miss
Miss
Miss
Miss
Miss
Miss
Miss
Miss
Miss
Miss
Miss
Miss
Miss
Miss
Miss
Miss
Miss
Miss
Miss
Miss
Miss
Miss
Miss
Miss
Miss
Miss
Miss
Miss
Miss
Miss
Miss
Miss
Miss
Miss
Miss
Miss
Miss
Miss
Miss
Miss
Miss
Miss
Miss
Miss
Miss
Miss
Miss
Miss
Miss
Miss
Miss
Miss
Miss
Miss
Miss
Miss
Miss
Miss
Miss
Miss
Miss
Miss
Miss
Miss
Miss
Miss
Miss
Miss
Miss
Miss
Miss
Miss
Miss
Miss
Miss
Miss
Miss
Miss
Miss
Miss
Miss
Miss
Miss
Miss
Miss
Miss
Miss
Miss
Miss
Miss
Miss
Miss
Miss
Miss
Miss
Miss
Miss
Miss
Miss
Miss
Miss
Miss
Miss
Miss
Miss
Miss
Miss
Miss
Miss
Miss
Miss
Miss
Miss
Miss
Miss
Miss
Miss
Miss
Miss
Miss
Miss
Miss
Miss
Miss
Miss
Miss
Miss
Miss
Miss
Miss
Miss
Miss
Miss
Miss
Miss
Miss
Miss
Miss
Miss
Miss
Miss
Miss
Miss
Miss
Miss
Miss
Miss
Miss
Miss
Miss
Miss
Miss
Miss
Miss
Miss
Miss
Miss
Miss
Miss
Miss
Miss
Miss
Miss
Miss
Miss
Miss
Miss
Miss
Miss
Miss
Miss
Miss
Miss
Miss
Miss
Miss
Miss
Miss
Miss
Miss
Miss
Miss
Miss
Miss
Miss
Miss
Miss
Miss
Miss
Miss
Miss
Miss
Miss
Miss
Miss
Miss
Miss
Miss
Miss
Miss
Miss
Miss
Miss
Miss
Miss
Miss
Miss
Miss
Miss
Miss
Miss
Miss
Miss
Miss
Miss
Miss
Miss
Miss
Miss
Miss
Miss
Miss
Miss
Miss
Miss
Miss
Miss
Miss
Miss
Miss
Miss
Miss
Miss
Miss
Miss
Miss
Miss
Miss
Miss
Miss
Miss
Miss
Miss
Miss
Miss
Miss
Miss
Miss
Miss
Miss
Miss
Miss
Miss
Miss
Miss
Miss
Miss
Miss
Miss
Miss
Miss
Miss
Miss
Miss
Miss
Miss
Miss
Miss
Miss
Miss
Miss
Miss
Miss
Miss
Miss
Miss
Miss
Miss
Miss
Miss
Miss
Miss
Miss
Miss
Miss
Miss
Miss
Miss
Miss
Miss
Miss
Miss
Miss
Miss
Miss
Miss
Miss
Miss
Miss
Miss
Miss
Miss
Miss
Miss
Miss
Miss
Miss
Miss
Miss
Miss
Miss
Miss
Miss
Miss
Miss
Miss
Miss
Miss
Miss
Miss
Miss
Miss
Miss
Miss
Miss
Miss
Miss
Miss
Miss
Miss
Miss
Miss
Miss
Miss
Miss
Miss
Miss
Miss
Miss
Miss
Miss
Miss
Miss
Miss
Miss
Miss
Miss
Miss
Miss
Miss
Miss
Miss
Miss
Miss
Miss
Miss
Miss
Miss
Miss
Miss
Miss
Miss
Miss
Miss
Miss
Miss
Miss
Miss
Miss
Miss
Miss
Miss
Miss
Miss
Miss
Miss
Miss
Miss
Miss
Miss
Miss
Miss
Miss
Miss
Miss
Miss
Miss
Miss
Miss
Miss
Miss
Miss
Miss
Miss
Miss
Miss
Miss
Miss
Miss
Miss
Miss
Miss
Miss
Miss
Miss
Miss
Miss
Miss
Miss
Miss
Miss
Miss
Miss
Miss
Miss
Miss
Miss
Miss
Miss
Miss
Miss
Miss
Miss
Miss
Miss
Miss
Miss
Miss
Miss
Miss
Miss
Miss
Miss
Miss
Miss
Miss
Miss
Miss
Miss
Miss
Miss
Miss
Miss
Miss
Miss
Miss
Miss
Miss
Miss
Miss
Miss
Miss
Miss
Miss
Miss
Miss
Miss
Miss
Miss
Miss
Miss
Miss
Miss
Miss
Miss
Miss
Miss
Miss
Miss
Miss
Miss
Miss
Miss
Miss
Miss
Miss
Miss
Miss
Miss
Miss
Miss
Miss
Miss
Miss
Miss
Miss
Miss
Miss
Miss
Miss
Miss
Miss
Miss
Miss
Miss
Miss
Miss
Miss
Miss
Miss
Miss
Miss
Miss
Miss
Miss
Miss
Miss
Miss
Miss
Miss
Miss
Miss
Miss
Miss
Miss
Miss
Miss
Miss
Miss
Miss
Miss
Miss
Miss
Miss
Miss
Miss
Miss
Miss
Miss
Miss
Miss
Miss
Miss
Miss
Miss
Miss
Miss
Miss
Miss
Miss
Miss
Miss
Miss
Miss
Miss
Miss
Miss
Miss
Miss
Miss
Miss
Miss
Miss
Miss
Miss
Miss
Miss
Miss
Miss
Miss
Miss
Miss
Miss
Miss
Miss
Miss
Miss
Miss
Miss
Miss
Miss
Miss
Miss
Miss
Miss
Miss
Miss
Miss
Miss
Miss
Miss
Miss
Miss
Miss
Miss
Miss
Miss
Miss
Miss
Miss
Miss
Miss
Miss
Miss
Miss
Miss
Miss
Miss
Miss
Miss
Miss
Miss
Miss
Miss
Miss
Miss
Miss
Miss
Miss
Miss
Miss
Miss
Miss
Miss
Miss
Miss
Miss
Miss
Miss
Miss
Miss
Miss
Miss
Miss
Miss
Miss
Miss
Miss
Miss
Miss
Miss
Miss
Miss
Miss
Miss
Miss
Miss
Miss
Miss
Miss
Miss
Miss
Miss
Miss
Miss
Miss
Miss
Miss
Miss
Miss
Miss
Miss
Miss
Miss
Miss
Miss
Miss
Miss
Miss
Miss
Miss
Miss
Miss
Miss
Miss
Miss
Miss
Miss
Miss
Miss
Miss
Miss
Miss
Miss
Miss
Miss
Miss
Miss
Miss
Miss
Miss
Miss
Miss
Miss
Miss
Miss
Miss
Miss
Miss
Miss
Miss
Miss
Miss
Miss
Miss
Miss
Miss
Miss
Miss
Miss
Miss
Miss
Miss
Miss
Miss
Miss
Miss
Miss
Miss
Miss
Miss
Miss
Miss
Miss
Miss
Miss
Miss
Miss
Miss
Miss
Miss
Miss
Miss
Miss
Miss
Miss
Miss
Miss
Miss
Miss
Miss
Miss
Miss
Miss
Miss
Miss
Miss
Miss
Miss
Miss
Miss
Miss
Miss
Miss
Miss
Miss
Miss
Miss
Miss
Miss
Miss
Miss
Miss
Miss
Miss
Miss
Miss
Miss
Miss
Miss
Miss
Miss
Miss
Miss
Miss
Miss
Miss
Miss
Miss
Miss
Miss
Miss
Miss
Miss
Miss
Miss
Miss
Miss
Miss
Miss
Miss
Miss
Miss
Miss
Miss
Miss
Miss
Miss
Miss
Miss
Miss
Miss
Miss
Miss
Miss
Miss
Miss
Miss
Miss
Miss
Miss
Miss
Miss
Miss
Miss
Miss
Miss
Miss
Miss
Miss
Miss
Miss
Miss
Miss
Miss
Miss
Miss
Miss
Miss
Miss
Miss
Miss
Miss
Miss
Miss
Miss
Miss
Miss
Miss
Miss
Miss
Miss
Miss
Miss
Miss
Miss
Miss
Miss
Miss
Miss
Miss
Miss
Miss
Miss
Miss
Miss
Miss
Miss
Miss
Miss
Miss
Miss
Miss
Miss
Miss
Miss
Miss
Miss
Miss
Miss
Miss
Miss
Miss
Miss
Miss
Miss
Miss
Miss
Miss
Miss
Miss
Miss
Miss
Miss
Miss
Miss
Miss
Miss
Miss
Miss
Miss
Miss
Miss
Miss
Miss
Miss
Miss
Miss
Miss
Miss
Miss
Miss
Miss
Miss
Miss
Miss
Miss
Miss
Miss
Miss
Miss
Miss
Miss
Miss
Miss
Miss
Miss
Miss
Miss
Miss
Miss
Miss
Miss
Miss
Miss
Miss
Miss
Miss
Miss
Miss
Miss
Miss
Miss
Miss
Miss
Miss
Miss
Miss
Miss
Miss
Miss
Miss
Miss
Miss
Miss
Miss
Miss
Miss
Miss
Miss
Miss
Miss
Miss
Miss
Miss
Miss
Miss
Miss
Miss
Miss
Miss
Miss
Miss
Miss
Miss
Miss
Miss
Miss
Miss
Miss
Miss
Miss
Miss
Miss
Miss
Miss
Miss
Miss
Miss
Miss
Miss
Miss
Miss
Miss
Miss
Miss
Miss
Miss
Miss
Miss
Miss
Miss
Miss
Miss
Miss
Miss
Miss
Miss
Miss
Miss
Miss
Miss
Miss
Miss
Miss
Miss
Miss
Miss
Miss
Miss
Miss
Miss
Miss
Miss
Miss
Miss
Miss
Miss
Miss
Miss
Miss
Miss
Miss
Miss
Miss
Miss
Miss
Miss
Miss
Miss
Miss
Miss
Miss
Miss
Miss
Miss
Miss
Miss
Miss
Miss
Miss
Miss
Miss
Miss
Miss
Miss
Miss
Miss
Miss
Miss
Miss
Miss
Miss
Miss
Miss
Miss
Miss
Miss
Miss
Miss
Miss
Miss
Miss
Miss
Miss
Miss
Miss
Miss
Miss
Miss
Miss
Miss
Miss
Miss
Miss
Miss
Miss
Miss
Miss
Miss
Miss
Miss
Miss
Miss
Miss
Miss
Miss
Miss
Miss
Miss
Miss
Miss
Miss
Miss
Miss
Miss
Miss
Miss
Miss
Miss
Miss
Miss
Miss
Miss
Miss
Miss
Miss
Miss
Miss
Miss
Miss
Miss
Miss
Miss
Miss
Miss
Miss
Miss
Miss
Miss
Miss
Miss
Miss
Miss
Miss
Miss
Miss
Miss
Miss
Miss
Miss
Miss
Miss
Miss
Miss
Miss
Miss
Miss
Miss
Miss
Miss
Miss
Miss
Miss
Miss
Miss
Miss
Miss
Miss
Miss
Miss
Miss
Miss
Miss
Miss
Miss
Miss
Miss
Miss
Miss
Miss
Miss
Miss
Miss
Miss
Miss
Miss
Miss
Miss
Miss
Miss
Miss
Miss
Miss
Miss
Miss
Miss
Miss
Miss
Miss
Miss
Miss
Miss
Miss
Miss
Miss
Miss
Miss
Miss
Miss
Miss
Miss
Miss
Miss
Miss
Miss
Miss
Miss
Miss
Miss
Miss
Miss
Miss
Miss
Miss
Miss
Miss
Miss
Miss
Miss
Miss
Miss
Miss
Miss
Miss
Miss
Miss
Miss
Miss
Miss
Miss
Miss
Miss
Miss
Miss
Miss
Miss
Miss
Miss
Miss
Miss
Miss
Miss
Miss
Miss
Miss
Miss
Miss
Miss
Miss
Miss
Miss
Miss
Miss
Miss
Miss
Miss
Miss
Miss
Miss
Miss
Miss
Miss
Miss
Miss
Miss
Miss
Miss
Miss
Miss
Miss
Miss
Miss
Miss
Miss
Miss
Miss
Miss
Miss
Miss
Miss
Miss
Miss
Miss
Miss
Miss
Miss
Miss
Miss
Miss
Miss
Miss
Miss
Miss
Miss
Miss
Miss
Miss
Miss
Miss
Miss
Miss
Miss
Miss
Miss
Miss
Miss
Miss
Miss
Miss
Miss
Miss
Miss
Miss
Miss
Miss
Miss
Miss
Miss
Miss
Miss
Miss
Miss
Miss
Miss
Miss
Miss
Miss
Miss
Miss
Miss
Miss
Miss
Miss
Miss
Miss
Miss
Miss
Miss
Miss
Miss
Miss
Miss
Miss
Miss
Miss
Miss
Miss
Miss
Miss
Miss
Miss
Miss
Miss
Miss
Miss
Miss
Miss
Miss
Miss
Miss
Miss
Miss
Miss
Miss
Miss
Miss
Miss
Miss
Miss
Miss
Miss
Miss
Miss
Miss
Miss
Miss
Miss
Miss
Miss
Miss
Miss
Miss
Miss
Miss
Miss
Miss
Miss
Miss
Miss
Miss
Miss
Miss
Miss
Miss
Miss
Miss
Miss
Miss
Miss
Miss
Miss
Miss
Miss
Miss
Miss
Miss
Miss
Miss
Miss
Miss
Miss
Miss
Miss
Miss
Miss
Miss
Miss
Miss
Miss
Miss
Miss
Miss
Miss
Miss
Miss
Miss
Miss
Miss
Miss
Miss
Miss
Miss
Miss
Miss
Miss
Miss
Miss
Miss
Miss
Miss
Miss
Miss
Miss
Miss
Miss
Miss
Miss
Miss
Miss
Miss
Miss
Miss
Miss
Miss
Miss
Miss
Miss
Miss
Miss
Miss
Miss
Miss
Miss
Miss
Miss
Miss
Miss
Miss
Miss
Miss
Miss
Miss
Miss
Miss
Miss
Miss
Miss
Miss
Miss
Miss
Miss
Miss
Miss
Miss
Miss
Miss
Miss
Miss
Miss
Miss
Miss
Miss
Miss
Miss
Miss
Miss
Miss
Miss
Miss
Miss
Miss
Miss
Miss
Miss
Miss
Miss
Miss
Miss
Miss
Miss
Miss
Miss
Miss
Miss
Miss
Miss
Miss
Miss
Miss
Miss
Miss
Miss
Miss
Miss
Miss
Miss
Miss
Miss
Miss
Miss
Miss
Miss
Miss
Miss
Miss
Miss
Miss
Miss
Miss
Miss
Miss
Miss
Miss
Miss
Miss
Miss
Miss
Miss
Miss
Miss
Miss
Miss
Miss
Miss
Miss
Miss
Miss
Miss
Miss
Miss
Miss
Miss
Miss
Miss
Miss
Miss
Miss
Miss
Miss
Miss
Miss
Miss
Miss
Miss
Miss
Miss
Miss
Miss
Miss
Miss
Miss
Miss
Miss
Miss
Miss
Miss
Miss
Miss
Miss
Miss
Miss
Miss
Miss
Miss
Miss
Miss
Miss
Miss
Miss
Miss
Miss
Miss
Miss
Miss
Miss
Miss
Miss
Miss
Miss
Miss
Miss
Miss
Miss
Miss
Miss
Miss
Miss
Miss
Miss
Miss
Miss
Miss
Miss
Miss
Miss
Miss
Miss
Miss
Miss
Miss
Miss
Miss
Miss
Miss
Miss
Miss
Miss
Miss
Miss
Miss
Miss
Miss
Miss
Miss
Miss
Miss
Miss
Miss
Miss
Miss
Miss
Miss
Miss
Miss
Miss
Miss
Miss
Miss
Miss
Miss
Miss
Miss
Miss
Miss
Miss
Miss
Miss
Miss
Miss
Miss
Miss
Miss
Miss
Miss
Miss
Miss
Miss
Miss
Miss
Miss
Miss
Miss
Miss
Miss
Miss
Miss
Miss
Miss
Miss
Miss
Miss
Miss
Miss
Miss
Miss
Miss
Miss
Miss
Miss
Miss
Miss
Miss
Miss
Miss
Miss
Miss
Miss
Miss
Miss
Miss
Miss
Miss
Miss
Miss
Miss
Miss
Miss
Miss
Miss
Miss
Miss
Miss
Miss
Miss
Miss
Miss
Miss
Miss
Miss
Miss
Miss
Miss
Miss
Miss
Miss
Miss
Miss
Miss
Miss
Miss
Miss
Miss
Miss
Miss
Miss
Miss
Miss
Miss
Miss
Miss
Miss
Miss
Miss
Miss
Miss
Miss
Miss
Miss
Miss
Miss
Miss
Miss
Miss
Miss
Miss
Miss
Miss
Miss
Miss
Miss
Miss
Miss
Miss
Miss
Miss
Miss
Miss
Miss
Miss
Miss
Miss
Miss
Miss
Miss
Miss
Miss
Miss
Miss
Miss
Miss
Miss
Miss
Miss
Miss
Miss
Miss
Miss
Miss
Miss
Miss
Miss
Miss
Miss
Miss
Miss
Miss
Miss
Miss
Miss
Miss
Miss
Miss
Miss
Miss
Miss
Miss
Miss
Miss
Miss
Miss
Miss
Miss
Miss
Miss
Miss
Miss
Miss
Miss
Miss
Miss
Miss
Miss
Miss
Miss
Miss
Miss
Miss
Miss
Miss
Miss
Miss
Miss
Miss
Miss
Miss
Miss
Miss
Miss
Miss
Miss
Miss
Miss
Miss
Miss
Miss
Miss
Miss
Miss
Miss
Miss
Miss
Miss
Miss
Miss
Miss
Miss
Miss
Miss
Miss
Miss
Miss
Miss
Miss
Miss
Miss
Miss
Miss
Miss
Miss
Miss
Miss
Miss
Miss
Miss
Miss
Miss
Miss
Miss
Miss
Miss
Miss
Miss
Miss
Miss
Miss
Miss
Miss
Miss
Miss
Miss
Miss
Miss
Miss
Miss
Miss
Miss
Miss
Miss
Miss
Miss
Miss
Miss
Miss
Miss
Miss
Miss
Miss
Miss
Miss
Miss
Miss
Miss
Miss
Miss
Miss
Miss
Miss
Miss
Miss
Miss
Miss
Miss
Miss
Miss
Miss
Miss
Miss
Miss
Miss
Miss
Miss
Miss
Miss
Miss
Miss
Miss
Miss
Miss
Miss
Miss
Miss
Miss
Miss
Miss
Miss
Miss
Miss
Miss
Miss
Miss
Miss
Miss
Miss
Miss
Miss
Miss
Miss
Miss
Miss
Miss
Miss
Miss
Miss
Miss
Miss
Miss
Miss
Miss
Miss
Miss
Miss
Miss
Miss
Miss
Miss
Miss
Miss
Miss
Miss
Miss
Miss
Miss
Miss
Miss
Miss
Miss
Miss
Miss
Miss
Miss
Miss
Miss
Miss
Miss
Miss
Miss
Miss
Miss
Miss
Miss
Miss
Miss
Miss
Miss
Miss
Miss
Miss
Miss
Miss
Miss
Miss
Miss
Miss
Miss
Miss
Miss
Miss
Miss
Miss
Miss
Miss
Miss
Miss
Miss
Miss
Miss
Miss
Miss
Miss
Miss
Miss
Miss
Miss
Miss
Miss
Miss
Miss
Miss
Miss
Miss
Miss
Miss
Miss
Miss
Miss
Miss
Miss
Miss
Miss
Miss
Miss
Miss
Miss
Miss
Miss
Miss
Miss
Miss
Miss
Miss
Miss
Miss
Miss
Miss
Miss
Miss
Miss
Miss
Miss
Miss
Miss
Miss
Miss
Miss
Miss
Miss
Miss
Miss
Miss
Miss
Miss
Miss
Miss
Miss
Miss
Miss
Miss
Miss
Miss
Miss
Miss
Miss
Miss
Miss
Miss
Miss
Miss
Miss
Miss
Miss
Miss
Miss
Miss
Miss
Miss
Miss
Miss
Miss
Miss
Miss
Miss
Miss
Miss
Miss
Miss
Miss
Miss
Miss
Miss
Miss
Miss
Miss
Miss
Miss
Miss
Miss
Miss
Miss
Miss
Miss
Miss
Miss
Miss
Miss
Miss
Miss
Miss
Miss
Miss
Miss
Miss
Miss
Miss
Miss
Miss
Miss
Miss
Miss
Miss
Miss
Miss
Miss
Miss
Miss
Miss
Miss
Miss
Miss
Miss
Miss
Miss
Miss
Miss
Miss
Miss
Miss
Miss
Miss
Miss
Miss
Miss
Miss
Miss
Miss
Miss
Miss
Miss
Miss
Miss
Miss
Miss
Miss
Miss
Miss
Miss
Miss
Miss
Miss
Miss
Miss
Miss
Miss
Miss
Miss
Miss
Miss
Miss
Miss
Miss
Miss
Miss
Miss
Miss
Miss
Miss
Miss
Miss
Miss
Miss
Miss
Miss
Miss
Miss
Miss
Miss
Miss
Miss
Miss
Miss
Miss
Miss
Miss
Miss
Miss
Miss
Miss
Miss
Miss
Miss
Miss
Miss
Miss
Miss
Miss
Miss
Miss
Miss
Miss
Miss
Miss
Miss
Miss
Miss
Miss
Miss
Miss
Miss
Miss
Miss
Miss
Miss
Miss
Miss
Miss
Miss
Miss
Miss
Miss
Miss
Miss
Miss
Miss
Miss
Miss
Miss
Miss
Miss
Miss
Miss
Miss
Miss
Miss
Miss
Miss
Miss
Miss
Miss
Miss
Miss
Miss
Miss
Miss
Miss
Miss
Miss
Miss
Miss
Miss
Miss
Miss
Miss
Miss
Miss
Miss
Miss
Miss
Miss
Miss
Miss
Miss
Miss
Miss
Miss
Miss
Miss
Miss
Miss
Miss
Miss
Miss
Miss
Miss
Miss
Miss
Miss
Miss
Miss
Miss
Miss
Miss
Miss
Miss
Miss
Miss
Miss
Miss
Miss
Miss
Miss
Miss
Miss
Miss
Miss
Miss
Miss
Miss
Miss
Miss
Miss
Miss
Miss
Miss
Miss
Miss
Miss
Miss
Miss
Miss
Miss
Miss
Miss
Miss
Miss
Miss
Miss
Miss
Miss
Miss
Miss
Miss
Miss
Miss
Miss
Miss
Miss
Miss
Miss
Miss
Miss
Miss
Miss
Miss
Miss
Miss
Miss
Miss
Miss
Miss
Miss
Miss
Miss
Miss
Miss
Miss
Miss
Miss
Miss
Miss
Miss
Miss
Miss
Miss
Miss
Miss
Miss
Miss
Miss
Miss
Miss
Miss
Miss
Miss
Miss
Miss
Miss
Miss
Miss
Miss
Miss
Miss
Miss
Miss
Miss
Miss
Miss
Miss
Miss
Miss
Miss
Miss
Miss
Miss
Miss
Miss
Miss
Miss
Miss
Miss
Miss
Miss
Miss
Miss
Miss
Miss
Miss
Miss
Miss
Miss
Miss
Miss
Miss
Miss
Miss
Miss
Miss
Miss
Miss
Miss
Miss
Miss
Miss
Miss
Miss
Miss
Miss
Miss
Miss
Miss
Miss
Miss
Miss
Miss
Miss
Miss
Miss
Miss
Miss
Miss
Miss
Miss
Miss
Miss
Miss
Miss
Miss
Miss
Miss
Miss
Miss
Miss
Miss
Miss
Miss
Miss
Miss
Miss
Miss
Miss
Miss
Miss
Miss
Miss
Miss
Miss
Miss
Miss
Miss
Miss
Miss
Miss
Miss
Miss
Miss
Miss
Miss
Miss
Miss
Miss
Miss
Miss
Miss
Miss
Miss
Miss
Miss
Miss
Miss
Miss
Miss
Miss
Miss
Miss
Miss
Miss
Miss
Miss
Miss
Miss
Miss
Miss
Miss
Miss
Miss
Miss
Miss
Miss
Miss
Miss
Miss
Miss
Miss
Miss
Miss
Miss
Miss
Miss
Miss
Miss
Miss
Miss
Miss
Miss
Miss
Miss
Miss
Miss
Miss
Miss
Miss
Miss
Miss
Miss
Miss
Miss
Miss
Miss
Miss
Miss
Miss
Miss
Miss
Miss
Miss
Miss
Miss
Miss
Miss
Miss
Miss
Miss
Miss
Miss
Miss
Miss
Miss
Miss
Miss
Miss
Miss
Miss
Miss
Miss
Miss
Miss
Miss
Miss
Miss
Miss
Miss
Miss
Miss
Miss
Miss
Miss
Miss
Miss
Miss
Miss
Miss
Miss
Miss
Miss
Miss
Miss
Miss
Miss
Miss
Miss
Miss
Miss
Miss
Miss
Miss
Miss
Miss
Miss
Miss
Miss
Miss
Miss
Miss
Miss
Miss
Miss
Miss
Miss
Miss
Miss
Miss
Miss
Miss
Miss
Miss
Miss
Miss
Miss
Miss
Miss
Miss
Miss
Miss
Miss
Miss
Miss
Miss
Miss
Miss
Miss
Miss
Miss
Miss
Miss
Miss
Miss
Miss
Miss
Miss
Miss
Miss
Miss
Miss
Miss
Miss
Miss
Miss
Miss
Miss
Miss
Miss
Miss
Miss
Miss
Miss
Miss
Miss
Miss
Miss
Miss
Miss
Miss
Miss
Miss
Miss
Miss
Miss
Miss
Miss
Miss
Miss
Miss
Miss
Miss
Miss
Miss
Miss
Miss
Miss
Miss
Miss
Miss
Miss
Miss
Miss
Miss
Miss
Miss
Miss
Miss
Miss
Miss
Miss
Miss
Miss
Miss
Miss
Miss
Miss
Miss
Miss
Miss
Miss
Miss
Miss
Miss
Miss
Miss
Miss
Miss
Miss
Miss
Miss
Miss
Miss
Miss
Miss
Miss
Miss
Miss
Miss
Miss
Miss
Miss
Miss
Miss
Miss
Miss
Miss
Miss
Miss
Miss
Miss
Miss
Miss
Miss
Miss
Miss
Miss
Miss
Miss
Miss
Miss
Miss
Miss
Miss
Miss
Miss
Miss
Miss
Miss
Miss
Miss
Miss
Miss
Miss
Miss
Miss
Miss
Miss
Miss
Miss
Miss
Miss
Miss
Miss
Miss
Miss
Miss
Miss
Miss
Miss
Miss
Miss
Miss
Miss
Miss
Miss
Miss
Miss
Miss
Miss
Miss
Miss
Miss
Miss
Miss
Miss
Miss
Miss
Miss
Miss
Miss
Miss
Miss
Miss
Miss
Miss
Miss
Miss
Miss
Miss
Miss
Miss
Miss
Miss
Miss
Miss
Miss
Miss
Miss
Miss
Miss
Miss
Miss
Miss
Miss
Miss
Miss
Miss
Miss
Miss
Miss
Miss
Miss
Miss
Miss
Miss
Miss
Miss
Miss
Miss
Miss
Miss
Miss
Miss
Miss
Miss
Miss
Miss
Miss
Miss
Miss
Miss
Miss
Miss
Miss
Miss
Miss
Miss
Miss
Miss
Miss
Miss
Miss
Miss
Miss
Miss
Miss
Miss
Miss
Miss
Miss
Miss
Miss
Miss
Miss
Miss
Miss
Miss
Miss
Miss
Miss
Miss
Miss
Miss
Miss
Miss
Miss
Miss
Miss
Miss
Miss
Miss
Miss
Miss
Miss
Miss
Miss
Miss
Miss
Miss
Miss
Miss
Miss
Miss
Miss
Miss
Miss
Miss
Miss
Miss
Miss
Miss
Miss
Miss
Miss
Miss
Miss
Miss
Miss
Miss
Miss
Miss
Miss
Miss
Miss
Miss
Miss
Miss
Miss
Miss
Miss
Miss
Miss
Miss
Miss
Miss
Miss
Miss
Miss
Miss
Miss
Miss
Miss
Miss
Miss
Miss
Miss
Miss
Miss
Miss
Miss
Miss
Miss
Miss
Miss
Miss
Miss
Miss
Miss
Miss
Miss
Miss
Miss
Miss
Miss
Miss
Miss
Miss
Miss
Miss
Miss
Miss
Miss
Miss
Miss
Miss
Miss
Miss
Miss
Miss
Miss
Miss
Miss
Miss
Miss
Miss
Miss
Miss
Miss
Miss
Miss
Miss
Miss
Miss
Miss
Miss
Miss
Miss
Miss
Miss
Miss
Miss
Miss
Miss
Miss
Miss
Miss
Miss
Miss
Miss
Miss
Miss
Miss
Miss
Miss
Miss
Miss
Miss
Miss
Miss
Miss
Miss
Miss
Miss
Miss
Miss
Miss
Miss
Miss
Miss
Miss
Miss
Miss
Miss
Miss
Miss
Miss
Miss
Miss
Miss
Miss
Miss
Miss
Miss
Miss
Miss
Miss
Miss
Miss
Miss
Miss
Miss
Miss
Miss
Miss
Miss
Miss
Miss
Miss
Miss
Miss
Miss
Miss
Miss
Miss
Miss
Miss
Miss
Miss
Miss
Miss
Miss
Miss
Miss
Miss
Miss
Miss
Miss
Miss
Miss
Miss
Miss
Miss
Miss
Miss
Miss
Miss
Miss
Miss
Miss
Miss
Miss
Miss
Miss
Miss
Miss
Miss
Miss
Miss
Miss
Miss
Miss
Miss
Miss
Miss
Miss
Miss
Miss
Miss
Miss
Miss
Miss
Miss
Miss
Miss
Miss
Miss
Miss
Miss
Miss
Miss
Miss
Miss
Miss
Miss
Miss
Miss
Miss
Miss
Miss
Miss
Miss
Miss
Miss
Miss
Miss
Miss
Miss
Miss
Miss
Miss
Miss
Miss
Miss
Miss
Miss
Miss
Miss
Miss
Miss
Miss
Miss
Miss
Miss
Miss
Miss
Miss
Miss
Miss
Miss
Miss
Miss
Miss
Miss
Miss
Miss
Miss
Miss
Miss
Miss
Miss
Miss
Miss
Miss
Miss
Miss
Miss
Miss
Miss
Miss
Miss
Miss
Miss
Miss
Miss
Miss
Miss
Miss
Miss
Miss
Miss
Miss
Miss
Miss
Miss
Miss
Miss
Miss
Miss
Miss
Miss
Miss
Miss
Miss
Miss
Miss
Miss
Miss
Miss
Miss
Miss
Miss
Miss
Miss
Miss
Miss
Miss
Miss
Miss
Miss
Miss
Miss
Miss
Miss
Miss
Miss
Miss
Miss
Miss
Miss
Miss
Miss
Miss
Miss
Miss
Miss
Miss
Miss
Miss
Miss
Miss
Miss
Miss
Miss
Miss
Miss
Miss
Miss
Miss
Miss
Miss
Miss
Miss
Miss
Miss
Miss
Miss
Miss
Miss
Miss
Miss
Miss
Miss
Miss
Miss
Miss
Miss
Miss
Miss
Miss
Miss
Miss
Miss
Miss
Miss
Miss
Miss
Miss
Miss
Miss
Miss
Miss
Miss
Miss
Miss
Miss
Miss
Miss
Miss
Miss
Miss
Miss
Miss
Miss
Miss
Miss
Miss
Miss
Miss
Miss
Miss
Miss
Miss
Miss
Miss
Miss
Miss
Miss
Miss
Miss
Miss
Miss
Miss
Miss
Miss
Miss
Miss
Miss
Miss
Miss
Miss
Miss
Miss
Miss
Miss
Miss
Miss
Miss
Miss
Miss
Miss
Miss
Miss
Miss
Miss
Miss
Miss
Miss
Miss
Miss
Miss
Miss
Miss
Miss
Miss
Miss
Miss
Miss
Miss
Miss
Miss
Miss
Miss
Miss
Miss
Miss
Miss
Miss
Miss
Miss
Miss
Miss
Miss
Miss
Miss
Miss
Miss
Miss
Miss
Miss
Miss
Miss
Miss
Miss
Miss
Miss
Miss
Miss
Miss
Miss
Miss
Miss
Miss
Miss
Miss
Miss
Miss
Miss
Miss
Miss
Miss
Miss
Miss
Miss
Miss
Miss
Miss
Miss
Miss
Miss
Miss
Miss
Miss
Miss
Miss
Miss
Miss
Miss
Miss
Miss
Miss
Miss
Miss
Miss
Miss
Miss
Miss
Miss
Miss
Miss
Miss
Miss
Miss
Miss
Miss
Miss
Miss
Miss
Miss
Miss
Miss
Miss
Miss
Miss
Miss
Miss
Miss
Miss
Miss
Miss
Miss
Miss
Miss
Miss
Miss
Miss
Miss
Miss
Miss
Miss
Miss
Miss
Miss
Miss
Miss
Miss
Miss
Miss
Miss
Miss
Miss
Miss
Miss
Miss
Miss
Miss
Miss
Miss
Miss
Miss
Miss
Miss
Miss
Miss
Miss
Miss
Miss
Miss
Miss
Miss
Miss
Miss
Miss
Miss
Miss
Miss
Miss
Miss
Miss
Miss
Miss
Miss
Miss
Miss
Miss
Miss
Miss
Miss
Miss
Miss
Miss
Miss
Miss
Miss
Miss
Miss
Miss
Miss
Miss
Miss
Miss
Miss
Miss
Miss
Miss
Miss
Miss
Miss
Miss
Miss
Miss
Miss
Miss
Miss
Miss
Miss
Miss
Miss
Miss
Miss
Miss
Miss
Miss
Miss
Miss
Miss
Miss
Miss
Miss
Miss
Miss
Miss
Miss
Miss
Miss
Miss
Miss
Miss
Miss
Miss
Miss
Miss
Miss
Miss
Miss
Miss
Miss
Miss
Miss
Miss
Miss
Miss
Miss
Miss
Miss
Miss
Miss
Miss
Miss
Miss
Miss
Miss
Miss
Miss
Miss
Miss
Miss
Miss
Miss
Miss
Miss
Miss
Miss
Miss
Miss
Miss
Miss
Miss
Miss
Miss
Miss
Miss
Miss
Miss
Miss
Miss
Miss
Miss
Miss
Miss
Miss
Miss
Miss
Miss
Miss
Miss
Miss
Miss
Miss
Miss
Miss
Miss
Miss
Miss
Miss
Miss
Miss
Miss
Miss
Miss
Miss
Miss
Miss
Miss
Miss
Miss
Miss
Miss
Miss
Miss
Miss
Miss
Miss
Miss
Miss
Miss
Miss
Miss
Miss
Miss
Miss
Miss
Miss
Miss
Miss
Miss
Miss
Miss
Miss
Miss
Miss
Miss
Miss
Miss
Miss
Miss
Miss
Miss
Miss
Miss
Miss
Miss
Miss
Miss
Miss
Miss
Miss
Miss
Miss
Miss
Miss
Miss
Miss
Miss
Miss
Miss
Miss
Miss
Miss
Miss
Miss
Miss
Miss
Miss
Miss
Miss
Miss
Miss
Miss
Miss
Miss
Miss
Miss
Miss
Miss
Miss
Miss
Miss
Miss
Miss
Miss
Miss
Miss
Miss
Miss
Miss
Miss
Miss
Miss
Miss
Miss
Miss
Miss
Miss
Miss
Miss
Miss
Miss
Miss
Miss
Miss
Miss
Miss
Miss
Miss
Miss
Miss
Miss
Miss
Miss
Miss
Miss
Miss
Miss
Miss
Miss
Miss
Miss
Miss
Miss
Miss
Miss
Miss
Miss
Miss
Miss
Miss
Miss
Miss
Miss
Miss
Miss
Miss
Miss
Miss
Miss
Miss
Miss
Miss
Miss
Miss
Miss
Miss
Miss
Miss
Miss
Miss
Miss
Miss
Miss
Miss
Miss
Miss
Miss
Miss
Miss
Miss
Miss
Miss
Miss
Miss
Miss
Miss
Miss
Miss
Miss
Miss
Miss
Miss
Miss
Miss
Miss
Miss
Miss
Miss
Miss
Miss
Miss
Miss
Miss
Miss
Miss
Miss
Miss
Miss
Miss
Miss
Miss
Miss
Miss
Miss
Miss
Miss
Miss
Miss
Miss
Miss
Miss
Miss
Miss
Miss
Miss
Miss
Miss
Miss
Miss
Miss
Miss
Miss
Miss
Miss
Miss
Miss
Miss
Miss
Miss
Miss
Miss
Miss
Miss
Miss
Miss
Miss
Miss
Miss
Miss
Miss
Miss
Miss
Miss
Miss
Miss
Miss
Miss
Miss
Miss
Miss
Miss
Miss
Miss
Miss
Miss
Miss
Miss
Miss
Miss
Miss
Miss
Miss
Miss
Miss
Miss
Miss
Miss
Miss
Miss
Miss
Miss
Miss
Miss
Miss
Miss
Miss
Miss
Miss
Miss
Miss
Miss
Miss
Miss
Miss
Miss
Miss
Miss
Miss
Miss
Miss
Miss
Miss
Miss
Miss
Miss
Miss
Miss
Miss
Miss
Miss
Miss
Miss
Miss
Miss
Miss
Miss
Miss
Miss
Miss
Miss
Miss
Miss
Miss
Miss
Miss
Miss
Miss
Miss
Miss
Miss
Miss
Miss
Miss
Miss
Miss
Miss
Miss
Miss
Miss
Miss
Miss
Miss
Miss
Miss
Miss
Miss
Miss
Miss
Miss
Miss
Miss
Miss
Miss
Miss
Miss
Miss
Miss
Miss
Miss
Miss
Miss
Miss
Miss
Miss
Miss
Miss
Miss
Miss
Miss
Miss
Miss
Miss
Miss
Miss
Miss
Miss
Miss
Miss
Miss
Miss
Miss
Miss
Miss
Miss
Miss
Miss
Miss
Miss
Miss
Miss
Miss
Miss
Miss
Miss
Miss
Miss
Miss
Miss
Miss
Miss
Miss
Miss
Miss
Miss
Miss
Miss
Miss
Miss
Miss
Miss
Miss
Miss
Miss
Miss
Miss
Miss
Miss
Miss
Miss
Miss
Miss
Miss
Miss
Miss
Miss
Miss
Miss
Miss
Miss
Miss
Miss
Miss
Miss
Miss
Miss
Miss
Miss
Miss
Miss
Miss
Miss
Miss
Miss
Miss
Miss
Miss
Miss
Miss
Miss
Miss
Miss
Miss
Miss
Miss
Miss
Miss
Miss
Miss
Miss
Miss
Miss
Miss
Miss
Miss
Miss
Miss
Miss
Miss
Miss
Miss
Miss
Miss
Miss
Miss
Miss
Miss
Miss
Miss
Miss
Miss
Miss
Miss
Miss
Miss
Miss
Miss
Miss
Miss
Miss
Miss
Miss
Miss
Miss
Miss
Miss
Miss
Miss
Miss
Miss
Miss
Miss
Miss
Miss
Miss
Miss
Miss
Miss
Miss
Miss
Miss
Miss
Miss
Miss
Miss
Miss
Miss
Miss
Miss
Miss
Miss
Miss
Miss
Miss
Miss
Miss
Miss
Miss
Miss
Miss
Miss
Miss
Miss
Miss
Miss
Miss
Miss
Miss
Miss
Miss
Miss
Miss
Miss
Miss
Miss
Miss
Miss
Miss
Miss
Miss
Miss
Miss
Miss
Miss
Miss
Miss
Miss
Miss
Miss
Miss
Miss
Miss
Miss
Miss
Miss
Miss
Miss
Miss
Miss
Miss
Miss
Miss
Miss
Miss
Miss
Miss
Miss
Miss
Miss
Miss
Miss
Miss
Miss
Miss
Miss
Miss
Miss
Miss
Miss
Miss
Miss
Miss
Miss
Miss
Miss
Miss
Miss
Miss
Miss
Miss
Miss
Miss
Miss
Miss
Miss
Miss
Miss
Miss
Miss
Miss
Miss
Miss
Miss
Miss
Miss
Miss
Miss
Miss
Miss
Miss
Miss
Miss
Miss
Miss
Miss
Miss
Miss
Miss
Miss
Miss
Miss
Miss
Miss
Miss
Miss
Miss
Miss
Miss
Miss
Miss
Miss
Miss
Miss
Miss
Miss
Miss
Miss
Miss
Miss
Miss
Miss
Miss
Miss
Miss
Miss
Miss
Miss
Miss
Miss
Miss
Miss
Miss
Miss
Miss
Miss
Miss
Miss
Miss
Miss
Miss
Miss
Miss
Miss
Miss
Miss
Miss
Miss
Miss
Miss
Miss
Miss
Miss
Miss
Miss
Miss
Miss
Miss
Miss
Miss
Miss
Miss
Miss
Miss
Miss
Miss
Miss
Miss
Miss
Miss
Miss
Miss
Miss
Miss
Miss
Miss
Miss
Miss
Miss
Miss
Miss
Miss
Miss
Miss
Miss
Miss
Miss
Miss
Miss
Miss
Miss
Miss
Miss
Miss
Miss
Miss
Miss
Miss
Miss
Miss
Miss
Miss
Miss
Miss
Miss
Miss
Miss
Miss
Miss
Miss
Miss
Miss
Miss
Miss
Miss
Miss
Miss
Miss
Miss
Miss
Miss
Miss
Miss
Miss
Miss
Miss
Miss
Miss
Miss
Miss
Miss
Miss
Miss
Miss
Miss
Miss
Miss
Miss
Miss
Miss
Miss
Miss
Miss
Miss
Miss
Miss
Miss
Miss
Miss
Miss
Miss
Miss
Miss
Miss
Miss
Miss
Miss
Miss
Miss
Miss
Miss
Miss
Miss
Miss
Miss
Miss
Miss
Miss
Miss
Miss
Miss
Miss
Miss
Miss
Miss
Miss
Miss
Miss
Miss
Miss
Miss
Miss
Miss
Miss
Miss
Miss
Miss
Miss
Miss
Miss
Miss
Miss
Miss
Miss
Miss
Miss
Miss
Miss
Miss
Miss
Miss
Miss
Miss
Miss
Miss
Miss
Miss
Miss
Miss
Miss
Miss
Miss
Miss
Miss
Miss
Miss
Miss
Miss
Miss
Miss
Miss
Miss
Miss
Miss
Miss
Miss
Miss
Miss
Miss
Miss
Miss
Miss
Miss
Miss
Miss
Miss
Miss
Miss
Miss
Miss
Miss
Miss
Miss
Miss
Miss
Miss
Miss
Miss
Miss
Miss
Miss
Miss
Miss
Miss
Miss
Miss
Miss
Miss
Miss
Miss
Miss
Miss
Miss
Miss
Miss
Miss
Miss
Miss
Miss
Miss
Miss
Miss
Miss
Miss
Miss
Miss
Miss
Miss
Miss
Miss
Miss
Miss
Miss
Miss
Miss
Miss
Miss
Miss
Miss
Miss
Miss
Miss
Miss
Miss
Miss
Miss
Miss
Miss
Miss
Miss
Miss
Miss
Miss
Miss
Miss
Miss
Miss
Miss
Miss
Miss
Miss
Miss
Miss
Miss
Miss
Miss
Miss
Miss
Miss
Miss
Miss
Miss
Miss
Miss
Miss
Miss
Miss
Miss
Miss
Miss
Miss
Miss
Miss
Miss
Miss
Miss
Miss
Miss
Miss
Miss
Miss
Miss
Miss
Miss
Miss
Miss
Miss
Miss
Miss
Miss
Miss
Miss
Miss
Miss
Miss
Miss
Miss
Miss
Miss
Miss
Miss
Miss
Miss
Miss
Miss
Miss
Miss
Miss
Miss
Miss
Miss
Miss
Miss
Miss
Miss
Miss
Miss
Miss
Miss
Miss
Miss
Miss
Miss
Miss
Miss
Miss
Miss
Miss
Miss
Miss
Miss
Miss
Miss
Miss
Miss
Miss
Miss
Miss
Miss
Miss
Miss
Miss
Miss
Miss
Miss
Miss
Miss
Miss
Miss
Miss
Miss
Miss
Miss
Miss
Miss
Miss
Miss
Miss
Miss
Miss
Miss
Miss
Miss
Miss
Miss
Miss
Miss
Miss
Miss
Miss
Miss
Miss
Miss
Miss
Miss
Miss
Miss
Miss
Miss
Miss
Miss
Miss
Miss
Miss
Miss
Miss
Miss
Miss
Miss
Miss
Miss
Miss
Miss
Miss
Miss
Miss
Miss
Miss
Miss
Miss
Miss
Miss
Miss
Miss
Miss
Miss
Miss
Miss
Miss
Miss
Miss
Miss
Miss
Miss
Miss
Miss
Miss
Miss
Miss
Miss
Miss
Miss
Miss
Miss
Miss
Miss
Miss
Miss
Miss
Miss
Miss
Miss
Miss
Miss
Miss
Miss
Miss
Miss
Miss
Miss
Miss
Miss
Miss
Miss
Miss
Miss
Miss
Miss
Miss
Miss
Miss
Miss
Miss
Miss
Miss
Miss
Miss
Miss
Miss
Miss
Miss
Miss
Miss
Miss
Miss
Miss
Miss
Miss
Miss
Miss
Miss
Miss
Miss
Miss
Miss
Miss
Miss
Miss
Miss
Miss
Miss
Miss
Miss
Miss
Miss
Miss
Miss
Miss
Miss
Miss
Miss
Miss
Miss
Miss
Miss
Miss
Miss
Miss
Miss
Miss
Miss
Miss
Miss
Miss
Miss
Miss
Miss
Miss
Miss
Miss
Miss
Miss
Miss
Miss
Miss
Miss
Miss
Miss
Miss
Miss
Miss
Miss
Miss
Miss
Miss
Miss
Miss
Miss
Miss
Miss
Miss
Miss
Miss
Miss
Miss
Miss
Miss
Miss
Miss
Miss
Miss
Miss
Miss
Miss
Miss
Miss
Miss
Miss
Miss
Miss
Miss
Miss
Miss
Miss
Miss
Miss
Miss
Miss
Miss
Miss
Miss
Miss
Miss
Miss
Miss
Miss
Miss
Miss
Miss
Miss
Miss
Miss
Miss
Miss
Miss
Miss
Miss
Miss
Miss
Miss
Miss
Miss
Miss
Miss
Miss
Miss
Miss
Miss
Miss
Miss
Miss
Miss
Miss
Miss
Miss
Miss
Miss
Miss
Miss
Miss
Miss
Miss
Miss
Miss
Miss
Miss
Miss
Miss
Miss
Miss
Miss
Miss
Miss
Miss
Miss
Miss
Miss
Miss
Miss
Miss
Miss
Miss
Miss
Miss
Miss
Miss
Miss
Miss
Miss
Miss
Miss
Miss
Miss
Miss
Miss
Miss
Miss
Miss
Miss
Miss
Miss
Miss
Miss
Miss
Miss
Miss
Miss
Miss
Miss
Miss
Miss
Miss
Miss
Miss
Miss
Miss
Miss
Miss
Miss
Miss
Miss
Miss
Miss
Miss
Miss
Miss
Miss
Miss
Miss
Miss
Miss
Miss
Miss
Miss
Miss
Miss
Miss
Miss
Miss
Miss
Miss
Miss
Miss
Miss
Miss
Miss
Miss
Miss
Miss
Miss
Miss
Miss
Miss
Miss
Miss
Miss
Miss
Miss
Miss
Miss
Miss
Miss
Miss
Miss
Miss
Miss
Miss
Miss
Miss
Miss
Miss
Miss
Miss
Miss
Miss
Miss
Miss
Miss
Miss
Miss
Miss
Miss
Miss
Miss
Miss
Miss
Miss
Miss
Miss
Miss
Miss
Miss
Miss
Miss
Miss
Miss
Miss
Miss
Miss
Miss
Miss
Miss
Miss
Miss
Miss
Miss
Miss
Miss
Miss
Miss
Miss
Miss
Miss
Miss
Miss
Miss
Miss
Miss
Miss
Miss
Miss
Miss
Miss
Miss
Miss
Miss
Miss
Miss
Miss
Miss
Miss
Miss
Miss
Miss
Miss
Miss
Miss
Miss
Miss
Miss
Miss
Miss
Miss
Miss
Miss
Miss
Miss
Miss
Miss
Miss
Miss
Miss
Miss
Miss
Miss
Miss
Miss
Miss
Miss
Miss
Miss
Miss
Miss
Miss
Miss
Miss
Miss
Miss
Miss
Miss
Miss
Miss
Miss
Miss
Miss
Miss
Miss
Miss
Miss
Miss
Miss
Miss
Miss
Miss
Miss
Miss
Miss
Miss
Miss
Miss
Miss
Miss
Miss
Miss
Miss
Miss
Miss
Miss
Miss
Miss
Miss
Miss
Miss
Miss
Miss
Miss
Miss
Miss
Miss
Miss
Miss
Miss
Miss
Miss
Miss
Miss
Miss
Miss
Miss
Miss
Miss
Miss
Miss
Miss
Miss
Miss
Miss
Miss
Miss
Miss
Miss
Miss
Miss
Miss
Miss
Miss
Miss
Miss
Miss
Miss
Miss
Miss
Miss
Miss
Miss
Miss
Miss
Miss
Miss
Miss
Miss
Miss
Miss
Miss
Miss
Miss
Miss
Miss
Miss
Miss
Miss
Miss
Miss
Miss
Miss
Miss
Miss
Miss
Miss
Miss
Miss
Miss
Miss
Miss
Miss
Miss
Miss
Miss
Miss
Miss
Miss
Miss
Miss
Miss
Miss
Miss
Miss
Miss
Miss
Miss
Miss
Miss
Miss
Miss
Miss
Miss
Miss
Miss
Miss
Miss
Miss
Miss
Miss
Miss
Miss
Miss
Miss
Miss
Miss
Miss
Miss
Miss
Miss
Miss
Miss
Miss
Miss
Miss
Miss
Miss
Miss
Miss
Miss
Miss
Miss
Miss
Miss
Miss
Miss
Miss
Miss
Miss
Miss
Miss
Miss
Miss
Miss
Miss
Miss
Miss
Miss
Miss
Miss
Miss
Miss
Miss
Miss
Miss
Miss
Miss
Miss
Miss
Miss
Miss
Miss
Miss
Miss
Miss
Miss
Miss
Miss
Miss
Miss
Miss
Miss
Miss
Miss
Miss
Miss
Miss
Miss
Miss
Miss
Miss
Miss
Miss
Miss
Miss
Miss
Miss
Miss
Miss
Miss
Miss
Miss
Miss
Miss
Miss
Miss
Miss
Miss
Miss
Miss
Miss
Miss
Miss
Miss
Miss
Miss
Miss
Miss
Miss
Miss
Miss
Miss
Miss
Miss
Miss
Miss
Miss
Miss
Miss
Miss
Miss
Miss
Miss
Miss
Miss
Miss
Miss
Miss
Miss
Miss
Miss
Miss
Miss
Miss
Miss
Miss
Miss
Miss
Miss
Miss
Miss
Miss
Miss
Miss
Miss
Miss
Miss
Miss
Miss
Miss
Miss
Miss
Miss
Miss
Miss
Miss
Miss
Miss
Miss
Miss
Miss
Miss
Miss
Miss
Miss
Miss
Miss
Miss
Miss
Miss
Miss
Miss
Miss
Miss
Miss
Miss
Miss
Miss
Miss
Miss
Miss
Miss
Miss
Miss
Miss
Miss
Miss
Miss
Miss
Miss
Miss
Miss
Miss
Miss
Miss
Miss
Miss
Miss
Miss
Miss
Miss
Miss
Miss
Miss
Miss
Miss
Miss
Miss
Miss
Miss
Miss
Miss
Miss
Miss
Miss
Miss
Miss
Miss
Miss
Miss
Miss
Miss
Miss
Miss
Miss
Miss
Miss
Miss
Miss
Miss
Miss
Miss
Miss
Miss
Miss
Miss
Miss
Miss
Miss
Miss
Miss
Miss
Miss
Miss
Miss
Miss
Miss
Miss
Miss
Miss
Miss
Miss
Miss
Miss
Miss
Miss
Miss
Miss
Miss
Miss
Miss
Miss
Miss
Miss
Miss
Miss
Miss
Miss
Miss
Miss
Miss
Miss
Miss
Miss
Miss
Miss
Miss
Miss
Miss
Miss
Miss
Miss
Miss
Miss
Miss
Miss
Miss
Miss
Miss
Miss
Miss
Miss
Miss
Miss
Miss
Miss
Miss
Miss
Miss
Miss
Miss
Miss
Miss
Miss
Miss
Miss
Miss
Miss
Miss
Miss
Miss
Miss
Miss
Miss
Miss
Miss
Miss
Miss
Miss
Miss
Miss
Miss
Miss
Miss
Miss
Miss
Miss
Miss
Miss
Miss
Miss
Miss
Miss
Miss
Miss
Miss
Miss
Miss
Miss
Miss
Miss
Miss
Miss
Miss
Miss
Miss
Miss
Miss
Miss
Miss
Miss
Miss
Miss
Miss
Miss
Miss
Miss
Miss
Miss
Miss
Miss
Miss
Miss
Miss
Miss
Miss
Miss
Miss
Miss
Miss
Miss
Miss
Miss
Miss
Miss
Miss
Miss
Miss
Miss
Miss
Miss
Miss
Miss
Miss
Miss
Miss
Miss
Miss
Miss
Miss
Miss
Miss
Miss
Miss
Miss
Miss
Miss
Miss
Miss
Miss
Miss
Miss
Miss
Miss
Miss
Miss
Miss
Miss
Miss
Miss
Miss
Miss
Miss
Miss
Miss
Miss
Miss
Miss
Miss
Miss
Miss
Miss
Miss
Miss
Miss
Miss
Miss
Miss
Miss
Miss
Miss
Miss
Miss
Miss
Miss
Miss
Miss
Miss
Miss
Miss
Miss
Miss
Miss
Miss
Miss
Miss
Miss
Miss
Miss
Miss
Miss
Miss
Miss
Miss
Miss
Miss
Miss
Miss
Miss
Miss
Miss
Miss
Miss
Miss
Miss
Miss
Miss
Miss
Miss
Miss
Miss
Miss
Miss
Miss
Miss
Miss
Miss
Miss
Miss
Miss
Miss
Miss
Miss
Miss
Miss
Miss
Miss
Miss
Miss
Miss
Miss
Miss
Miss
Miss
Miss
Miss
Miss
Miss
Miss
Miss
Miss
Miss
Miss
Miss
Miss
Miss
Miss
Miss
Miss
Miss
Miss
Miss
Miss
Miss
Miss
Miss
Miss
Miss
Miss
Miss
Miss
Miss
Miss
Miss
Miss
Miss
Miss
Miss
Miss
Miss
Miss
Miss
Miss
Miss
Miss
Miss
Miss
Miss
Miss
Miss
Miss
Miss
Miss
Miss
Miss
Miss
Miss
Miss
Miss
Miss
Miss
Miss
Miss
Miss
Miss
Miss
Miss
Miss
Miss
Miss
Miss
Miss
Miss
Miss
Miss
Miss
Miss
Miss
Miss
Miss
Miss
Miss
Miss
Miss
Miss
Miss
Miss
Miss
Miss
Miss
Miss
Miss
Miss
Miss
Miss
Miss
Miss
Miss
Miss
Miss
Miss
Miss
Miss
Miss
Miss
Miss
Miss
Miss
Miss
Miss
Miss
Miss
Miss
Miss
Miss
Miss
Miss
Miss
Miss
Miss
Miss
Miss
Miss
Miss
Miss
Miss
Miss
Miss
Miss
Miss
Miss
Miss
Miss
Miss
Miss
Miss
Miss
Miss
Miss
Miss
Miss
Miss
Miss
Miss
Miss
Miss
Miss
Miss
Miss
Miss
Miss
Miss
Miss
Miss
Miss
Miss
Miss
Miss
Miss
Miss
Miss
Miss
Miss
Miss
Miss
Miss
Miss
Miss
Miss
Miss
Miss
Miss
Miss
Miss
Miss
Miss
Miss
Miss
Miss
Miss
Miss
Miss
Miss
Miss
Miss
Miss
Miss
Miss
Miss
Miss
Miss
Miss
Miss
Miss
Miss
Miss
Miss
Miss
Miss
Miss
Miss
Miss
Miss
Miss
Miss
Miss
Miss
Miss
Miss
Miss
Miss
Miss
Miss
Miss
Miss
Miss
Miss
Miss
Miss
Miss
Miss
Miss
Miss
Miss
Miss
Miss
Miss
Miss
Miss
Miss
Miss
Miss
Miss
Miss
Miss
Miss
Miss
Miss
Miss
Miss
Miss
Miss
Miss
Miss
Miss
Miss
Miss
Miss
Miss
Miss
Miss
Miss
Miss
Miss
Miss
Miss
Miss
Miss
Miss
Miss
Miss
Miss
Miss
Miss
Miss
Miss
Miss
Miss
Miss
Miss
Miss
Miss
Miss
Miss
Miss
Miss
Miss
Miss
Miss
Miss
Miss
Miss
Miss
Miss
Miss
Miss
Miss
Miss
Miss
Miss
Miss
Miss
Miss
Miss
Miss
Miss
Miss
Miss
Miss
Miss
Miss
Miss
Miss
Miss
Miss
Miss
Miss
Miss
Miss
Miss
Miss
Miss
Miss
Miss
Miss
Miss
Miss
Miss
Miss
Miss
Miss
Miss
Miss
Miss
Miss
Miss
Miss
Miss
Miss
Miss
Miss
Miss
Miss
Miss
Miss
Miss
Miss
Miss
Miss
Miss
Miss
Miss
Miss
Miss
Miss
Miss
Miss
Miss
Miss
Miss
Miss
Miss
Miss
Miss
Miss
Miss
Miss
Miss
Miss
Miss
Miss
Miss
Miss
Miss
Miss
Miss
Miss
Miss
Miss
Miss
Miss
Miss
Miss
Miss
Miss
Miss
Miss
Miss
Miss
Miss
Miss
Miss
Miss
Miss
Miss
Miss
Miss
Miss
Miss
Miss
Miss
Miss
Miss
Miss
Miss
Miss
Miss
Miss
Miss
Miss
Miss
Miss
Miss
Miss
Miss
Miss
Miss
Miss
Miss
Miss
Miss
Miss
Miss
Miss
Miss
Miss
Miss
Miss
Miss
Miss
Miss
Miss
Miss
Miss
Miss
Miss
Miss
Miss
Miss
Miss
Miss
Miss
Miss
Miss
Miss
Miss
Miss
Miss
Miss
Miss
Miss
Miss
Miss
Miss
Miss
Miss
Miss
Miss
Miss
Miss
Miss
Miss
Miss
Miss
Miss
Miss
Miss
Miss
Miss
Miss
Miss
Miss
Miss
Miss
Miss
Miss
Miss
Miss
Miss
Miss
Miss
Miss
Miss
Miss
Miss
Miss
Miss
Miss
Miss
Miss
Miss
Miss
Miss
Miss
Miss
Miss
Miss
Miss
Miss
Miss
Miss
Miss
Miss
Miss
Miss
Miss
Miss
Miss
Miss
Miss
Miss
Miss
Miss
Miss
Miss
Miss
Miss
Miss
Miss
Miss
Miss
Miss
Miss
Miss
Miss
Miss
Miss
Miss
Miss
Miss
Miss
Miss
Miss
Miss
Miss
Miss
Miss
Miss
Miss
Miss
Miss
Miss
Miss
Miss
Miss
Miss
Miss
Miss
Miss
Miss
Miss
Miss
Miss
Miss
Miss
Miss
Miss
Miss
Miss
Miss
Miss
Miss
Miss
Miss
Miss
Miss
Miss
Miss
Miss
Miss
Miss
Miss
Miss
Miss
Miss
Miss
Miss
Miss
Miss
Miss
Miss
Miss
Miss
Miss
Miss
Miss
Miss
Miss
Miss
Miss
Miss
Miss
Miss
Miss
Miss
Miss
Miss
Miss
Miss
Miss
Miss
Miss
Miss
Miss
Miss
Miss
Miss
Miss
Miss
Miss
Miss
Miss
Miss
Miss
Miss
Miss
Miss
Miss
Miss
Miss
Miss
Miss
Miss
Miss
Miss
Miss
Miss
Miss
Miss
Miss
Miss
Miss
Miss
Miss
Miss
Miss
Miss
Miss
Miss
Miss
Miss
Miss
Miss
Miss
Miss
Miss
Miss
Miss
Miss
Miss
Miss
Miss
Miss
Miss
Miss
Miss
Miss
Miss
Miss
Miss
Miss
Miss
Miss
Miss
Miss
Miss
Miss
Miss
Miss
Miss
Miss
Miss
Miss
Miss
Miss
Miss
Miss
Miss
Miss
Miss
Miss
Miss
Miss
Miss
Miss
Miss
Miss
Miss
Miss
Miss
Miss
Miss
Miss
Miss
Miss
Miss
Miss
Miss
Miss
Miss
Miss
Miss
Miss
Miss
Miss
Miss
Miss
Miss
Miss
Miss
Miss
Miss
Miss
Miss
Miss
Miss
Miss
Miss
Miss
Miss
Miss
Miss
Miss
Miss
Miss
Miss
Miss
Miss
Miss
Miss
Miss
Miss
Miss
Miss
Miss
Miss
Miss
Miss
Miss
Miss
Miss
Miss
Miss
Miss
Miss
Miss
Miss
Miss
Miss
Miss
Miss
Miss
Miss
Miss
Miss
Miss
Miss
Miss
Miss
Miss
Miss
Miss
Miss
Miss
Miss
Miss
Miss
Miss
Miss
Miss
Miss
Miss
Miss
Miss
Miss
Miss
Miss
Miss
Miss
Miss
Miss
Miss
Miss
Miss
Miss
Miss
Miss
Miss
Miss
Miss
Miss
Miss
Miss
Miss
Miss
Miss
Miss
Miss
Miss
Miss
Miss
Miss
Miss
Miss
Miss
Miss
Miss
Miss
Miss
Miss
Miss
Miss
Miss
Miss
Miss
Miss
Miss
Miss
Miss
Miss
Miss
Miss
Miss
Miss
Miss
Miss
Miss
Miss
Miss
Miss
Miss
Miss
Miss
Miss
Miss
Miss
Miss
Miss
Miss
Miss
Miss
Miss
Miss
Miss
Miss
Miss
Miss
Miss
Miss
Miss
Miss
Miss
Miss
Miss
Miss
Miss
Miss
Miss
Miss
Miss
Miss
Miss
Miss
Miss
Miss
Miss
Miss
Miss
Miss
Miss
Miss
Miss
Miss
Miss
Miss
Miss
Miss
Miss
Miss
Miss
Miss
Miss
Miss
Miss
Miss
Miss
Miss
Miss
Miss
Miss
Miss
Miss
Miss
Miss
Miss
Miss
Miss
Miss
Miss
Miss
Miss
Miss
Miss
Miss
Miss
Miss
Miss
Miss
Miss
Miss
Miss
Miss
Miss
Miss
Miss
Miss
Miss
Miss
Miss
Miss
Miss
Miss
Miss
Miss
Miss
Miss
Miss
Miss
Miss
Miss
Miss
Miss
Miss
Miss
Miss
Miss
Miss
Miss
Miss
Miss
Miss
Miss
Miss
Miss
Miss
Miss
Miss
Miss
Miss
Miss
Miss
Miss
Miss
Miss
Miss
Miss
Miss
Miss
Miss
Miss
Miss
Miss
Miss
Miss
Miss
Miss
Miss
Miss
Miss
Miss
Miss
Miss
Miss
Miss
Miss
Miss
Miss
Miss
Miss
Miss
Miss
Miss
Miss
Miss
Miss
Miss
Miss
Miss
Miss
Miss
Miss
Miss
Miss
Miss
Miss
Miss
Miss
Miss
Miss
Miss
Miss
Miss
Miss
Miss
Miss
Miss
Miss
Miss
Miss
Miss
Miss
Miss
Miss
Miss
Miss
Miss
Miss
Miss
Miss
Miss
Miss
Miss
Miss
Miss
Miss
Miss
Miss
Miss
Miss
Miss
Miss
Miss
Miss
Miss
Miss
Miss
Miss
Miss
Miss
Miss
Miss
Miss
Miss
Miss
Miss
Miss
Miss
Miss
Miss
Miss
Miss
Miss
Miss
Miss
Miss
Miss
Miss
Miss
Miss
Miss
Miss
Miss
Miss
Miss
Miss
Miss
Miss
Miss
Miss
Miss
Miss
Miss
Miss
Miss
Miss
Miss
Miss
Miss
Miss
Miss
Miss
Miss
Miss
Miss
Miss
Miss
Miss
Miss
Miss
Miss
Miss
Miss
Miss
Miss
Miss
Miss
Miss
Miss
Miss
Miss
Miss
Miss
Miss
Miss
Miss
Miss
Miss
Miss
Miss
Miss
Miss
Miss
Miss
Miss
Miss
Miss
Miss
Miss
Miss
Miss
Miss
Miss
Miss
Miss
Miss
Miss
Miss
Miss
Miss
Miss
Miss
Miss
Miss
Miss
Miss
Miss
Miss
Miss
Miss
Miss
Miss
Miss
Miss
Miss
Miss
Miss
Miss
Miss
Miss
Miss
Miss
Miss
Miss
Miss
Miss
Miss
Miss
Miss
Miss
Miss
Miss
Miss
Miss
Miss
Miss
Miss
Miss
Miss
Miss
Miss
Miss
Miss
Miss
Miss
Miss
Miss
Miss
Miss
Miss
Miss
Miss
Miss
Miss
Miss
Miss
Miss
Miss
Miss
Miss
Miss
Miss
Miss
Miss
Miss
Miss
Miss
Miss
Miss
Miss
Miss
Miss
Miss
Miss
Miss
Miss
Miss
Miss
Miss
Miss
Miss
Miss
Miss
Miss
Miss
Miss
Miss
Miss
Miss
Miss
Miss
Miss
Miss
Miss
Miss
Miss
Miss
Miss
Miss
Miss
Miss
Miss
Miss
Miss
Miss
Miss
Miss
Miss
Miss
Miss
Miss
Miss
Miss
Miss
Miss
Miss
Miss
Miss
Miss
Miss
Miss
Miss
Miss
Miss
Miss
Miss
Miss
Miss
Miss
Miss
Miss
Miss
Miss
Miss
Miss
Miss
Miss
Miss
Miss
Miss
Miss
Miss
Miss
Miss
Miss
Miss
Miss
Miss
Miss
Miss
Miss
Miss
Miss
Miss
Miss
Miss
Miss
Miss
Miss
Miss
Miss
Miss
Miss
Miss
Miss
Miss
Miss
Miss
Miss
Miss
Miss
Miss
Miss
Miss
Miss
Miss
Miss
Miss
Miss
Miss
Miss
Miss
Miss
Miss
Miss
Miss
Miss
Miss
Miss
Miss
Miss
Miss
Miss
Miss
Miss
Miss
Miss
Miss
Miss
Miss
Miss
Miss
Miss
Miss
Miss
Miss
Miss
Miss
Miss
Miss
Miss
Miss
Miss
Miss
Miss
Miss
Miss
Miss
Miss
Miss
Miss
Miss
Miss
Miss
Miss
Miss
Miss
Miss
Miss
Miss
Miss
Miss
Miss
Miss
Miss
Miss
Miss
Miss
Miss
Miss
Miss
Miss
Miss
Miss
Miss
Miss
Miss
Miss
Miss
Miss
Miss
Miss
Miss
Miss
Miss
Miss
Miss
Miss
Miss
Miss
Miss
Miss
Miss
Miss
Miss
Miss
Miss
Miss
Miss
Miss
Miss
Miss
Miss
Miss
Miss
Miss
Miss
Miss
Miss
Miss
Miss
Miss
Miss
Miss
Miss
Miss
Miss
Miss
Miss
Miss
Miss
Miss
Miss
Miss
Miss
Miss
Miss
Miss
Miss
Miss
Miss
Miss
Miss
Miss
Miss
Miss
Miss
Miss
Miss
Miss
Miss
Miss
Miss
Miss
Miss
Miss
Miss
Miss
Miss
Miss
Miss
Miss
Miss
Miss
Miss
Miss
Miss
Miss
Miss
Miss
Miss
Miss
Miss
Miss
Miss
Miss
Miss
Miss
Miss
Miss
Miss
Miss
Miss
Miss
Miss
Miss
Miss
Miss
Miss
Miss
Miss
Miss
Miss
Miss
Miss
Miss
Miss
Miss
Miss
Miss
Miss
Miss
Miss
Miss
Miss
Miss
Miss
Miss
Miss
Miss
Miss
Miss
Miss
Miss
Miss
Miss
Miss
Miss
Miss
Miss
Miss
Miss
Miss
Miss
Miss
Miss
Miss
Miss
Miss
Miss
Miss
Miss
Miss
Miss
Miss
Miss
Miss
Miss
Miss
Miss
Miss
Miss
Miss
Miss
Miss
Miss
Miss
Miss
Miss
Miss
Miss
Miss
Miss
Miss
Miss
Miss
Miss
Miss
Miss
Miss
Miss
Miss
Miss
Miss
Miss
Miss
Miss
Miss
Miss
Miss
Miss
Miss
Miss
Miss
Miss
Miss
Miss
Miss
Miss
Miss
Miss
Miss
Miss
Miss
Miss
Miss
Miss
Miss
Miss
Miss
Miss
Miss
Miss
Miss
Miss
Miss
Miss
Miss
Miss
Miss
Miss
Miss
Miss
Miss
Miss
Miss
Miss
Miss
Miss
Miss
Miss
Miss
Miss
Miss
Miss
Miss
Miss
Miss
Miss
Miss
Miss
Miss
Miss
Miss
Miss
Miss
Miss
Miss
Miss
Miss
Miss
Miss
Miss
Miss
Miss
Miss
Miss
Miss
Miss
Miss
Miss
Miss
Miss
Miss
Miss
Miss
Miss
Miss
Miss
Miss
Miss
Miss
Miss
Miss
Miss
Miss
Miss
Miss
Miss
Miss
Miss
Miss
Miss
Miss
Miss
Miss
Miss
Miss
Miss
Miss
Miss
Miss
Miss
Miss
Miss
Miss
Miss
Miss
Miss
Miss
Miss
Miss
Miss
Miss
Miss
Miss
Miss
Miss
Miss
Miss
Miss
Miss
Miss
Miss
Miss
Miss
Miss
Miss
Miss
Miss
Miss
Miss
Miss
Miss
Miss
Miss
Miss
Miss
Miss
Miss
Miss
Miss
Miss
Miss
Miss
Miss
Miss
Miss
Miss
Miss
Miss
Miss
Miss
Miss
Miss
Miss
Miss
Miss
Miss
Miss
Miss
Miss
Miss
Miss
Miss
Miss
Miss
Miss
Miss
Miss
Miss
Miss
Miss
Miss
Miss
Miss
Miss
Miss
Miss
Miss
Miss
Miss
Miss
Miss
Miss
Miss
Miss
Miss
Miss
Miss
Miss
Miss
Miss
Miss
Miss
Miss
Miss
Miss
Miss
Miss
Miss
Miss
Miss
Miss
Miss
Miss
Miss
Miss
Miss
Miss
Miss
Miss
Miss
Miss
Miss
Miss
Miss
Miss
Miss
Miss
Miss
Miss
Miss
Miss
Miss
Miss
Miss
Miss
Miss
Miss
Miss
Miss
Miss
Miss
Miss
Miss
Miss
Miss
Miss
Miss
Miss
Miss
Miss
Miss
Miss
Miss
Miss
Miss
Miss
Miss
Miss
Miss
Miss
Miss
Miss
Miss
Miss
Miss
Miss
Miss
Miss
Miss
Miss
Miss
Miss
Miss
Miss
Miss
Miss
Miss
Miss
Miss
Miss
Miss
Miss
Miss
Miss
Miss
Miss
Miss
Miss
Miss
Miss
Miss
Miss
Miss
Miss
Miss
Miss
Miss
Miss
Miss
Miss
Miss
Miss
Miss
Miss
Miss
Miss
Miss
Miss
Miss
Miss
Miss
Miss
Miss
Miss
Miss
Miss
Miss
Miss
Miss
Miss
Miss
Miss
Miss
Miss
Miss
Miss
Miss
Miss
Miss
Miss
Miss
Miss
Miss
Miss
Miss
Miss
Miss
Miss
Miss
Miss
Miss
Miss
Miss
Miss
Miss
Miss
Miss
Miss
Miss
Miss
Miss
Miss
Miss
Miss
Miss
Miss
Miss
Miss
Miss
Miss
Miss
Miss
Miss
Miss
Miss
Miss
Miss
Miss
Miss
Miss
Miss
Miss
Miss
Miss
Miss
Miss
Miss
Miss
Miss
Miss
Miss
Miss
Miss
Miss
Miss
Miss
Miss
Miss
Miss
Miss
Miss
Miss
Miss
Miss
Miss
Miss
Miss
Miss
Miss
Miss
Miss
Miss
Miss
Miss
Miss
Miss
Miss
Miss
Miss
Miss
Miss
Miss
Miss
Miss
Miss
Miss
Miss
Miss
Miss
Miss
Miss
Miss
Miss
Miss
Miss
Miss
Miss
Miss
Miss
Miss
Miss
Miss
Miss
Miss
Miss
Miss
Miss
Miss
Miss
Miss
Miss
Miss
Miss
Miss
Miss
Miss
Miss
Miss
Miss
Miss
Miss
Miss
Miss
Miss
Miss
Miss
Miss
Miss
Miss
Miss
Miss
Miss
Miss
Miss
Miss
Miss
Miss
Miss
Miss
Miss
Miss
Miss
Miss
Miss
Miss
Miss
Miss
Miss
Miss
Miss
Miss
Miss
Miss
Miss
Miss
Miss
Miss
Miss
Miss
Miss
Miss
Miss
Miss
Miss
Miss
Miss
Miss
Miss
Miss
Miss
Miss
Miss
Miss
Miss
Miss
Miss
Miss
Miss
Miss
Miss
Miss
Miss
Miss
Miss
Miss
Miss
Miss
Miss
Miss
Miss
Miss
Miss
Miss
Miss
Miss
Miss
Miss
Miss
Miss
Miss
Miss
Miss
Miss
Miss
Miss
Miss
Miss
Miss
Miss
Miss
Miss
Miss
Miss
Miss
Miss
Miss
Miss
Miss
Miss
Miss
Miss
Miss
Miss
Miss
Miss
Miss
Miss
Miss
Miss
Miss
Miss
Miss
Miss
Miss
Miss
Miss
Miss
Miss
Miss
Miss
Miss
Miss
Miss
Miss
Miss
Miss
Miss
Miss
Miss
Miss
Miss
Miss
Miss
Miss
Miss
Miss
Miss
Miss
Miss
Miss
Miss
Miss
Miss
Miss
Miss
Miss
Miss
Miss
Miss
Miss
Miss
Miss
Miss
Miss
Miss
Miss
Miss
Miss
Miss
Miss
Miss
Miss
Miss
Miss
Miss
Miss
Miss
Miss
Miss
Miss
Miss
Miss
Miss
Miss
Miss
Miss
Miss
Miss
Miss
Miss
Miss
Miss
Miss
Miss
Miss
Miss
Miss
Miss
Miss
Miss
Miss
Miss
Miss
Miss
Miss
Miss
Miss
Miss
Miss
Miss
Miss
Miss
Miss
Miss
Miss
Miss
Miss
Miss
Miss
Miss
Miss
Miss
Miss
Miss
Miss
Miss
Miss
Miss
Miss
Miss
Miss
Miss
Miss
Miss
Miss
Miss
Miss
Miss
Miss
Miss
Miss
Miss
Miss
Miss
Miss
Miss
Miss
Miss
Miss
Miss
Miss
Miss
Miss
Miss
Miss
Miss
Miss
Miss
Miss
Miss
Miss
Miss
Miss
Miss
Miss
Miss
Miss
Miss
Miss
Miss
Miss
Miss
Miss
Miss
Miss
Miss
Miss
Miss
Miss
Miss
Miss
Miss
Miss
Miss
Miss
Miss
Miss
Miss
Miss
Miss
Miss
Miss
Miss
Miss
Miss
Miss
Miss
Miss
Miss
Miss
Miss
Miss
Miss
Miss
Miss
Miss
Miss
Miss
Miss
Miss
Miss
Miss
Miss
Miss
Miss
Miss
Miss
Miss
Miss
Miss
Miss
Miss
Miss
Miss
Miss
Miss
Miss
Miss
Miss
Miss
Miss
Miss
